
-------------------------------------------------------------------------
|    ___ _   _ ___                                                      |
|   / __| | | |_  )   Release 8.5.0 "Harrier"                           |
|   \__ \ |_| |/ /                                                      |
|   |___/\___//___|   Suite (Computational Fluid Dynamics Code)         |
|                                                                       |
-------------------------------------------------------------------------
| SU2 Project Website: https://su2code.github.io                        |
|                                                                       |
| The SU2 Project is maintained by the SU2 Foundation                   |
| (http://su2foundation.org)                                            |
-------------------------------------------------------------------------
| Copyright 2012-2026, SU2 Contributors                                 |
|                                                                       |
| SU2 is free software; you can redistribute it and/or                  |
| modify it under the terms of the GNU Lesser General Public            |
| License as published by the Free Software Foundation; either          |
| version 2.1 of the License, or (at your option) any later version.    |
|                                                                       |
| SU2 is distributed in the hope that it will be useful,                |
| but WITHOUT ANY WARRANTY; without even the implied warranty of        |
| MERCHANTABILITY or FITNESS FOR A PARTICULAR PURPOSE. See the GNU      |
| Lesser General Public License for more details.                       |
|                                                                       |
| You should have received a copy of the GNU Lesser General Public      |
| License along with SU2. If not, see <http://www.gnu.org/licenses/>.   |
-------------------------------------------------------------------------

Parsing config file for zone 0

----------------- Physical Case Definition ( Zone 0 ) -------------------
Compressible Euler equations.
Mach number: 2.
Angle of attack (AoA): 0 deg, and angle of sideslip (AoS): 0 deg.
No restart solution, use the values at infinity (freestream).
Non-Dimensional simulation (V=1.0, Rho=1.0, T=1.0 at the farfield).
The reference area is 0.00785398 m^2.
The semi-span will be computed using the max y(3D) value.
The reference length is 0.1 m.
Surface(s) where the force coefficients are evaluated and 
their reference origin for moment computation: 
   - nose (0, 0, 0).
   - body (0, 0, 0).
   - fins (0, 0, 0).
   - base (0, 0, 0) m.
Surface(s) plotted in the output file: nose, body, fins, base.
Input mesh file name: ../../meshes/rocket_sf2.su2

--------------- Space Numerical Integration ( Zone 0 ) ------------------
Roe (with entropy fix = 0.001) solver for the flow inviscid terms.
Standard Roe without low-dissipation function.
Second order integration in space, with slope limiter.
Venkatakrishnan-Wang slope-limiting method, with constant: 0.03.
Gradient for upwind reconstruction: unweighted Least-Squares.
Gradient for viscous and source terms: Green-Gauss.

--------------- Time Numerical Integration  ( Zone 0 ) ------------------
Local time stepping (steady state simulation).
Euler implicit method for the flow equations.
FGMRES is used for solving the linear system.
Using a ILU(0) preconditioning.
Convergence criteria of the linear solver: 0.05.
Max number of linear iterations: 15.
V Multigrid Cycle, with 3 multigrid levels.
Damping factor for the residual restriction: 0.75.
Damping factor for the correction prolongation: 0.75.
CFL adaptation. Factor down: 0.5, factor up: 1.05,
                lower limit: 1, upper limit: 100,
                acceptable linear residual: 0.1'
                starting iteration: 0.
+-------------------------------------------+
|  MG Level| Presmooth|PostSmooth|CorrectSmo|
+-------------------------------------------+
|         0|         1|         0|         0|
|         1|         2|         0|         0|
|         2|         3|         0|         0|
|         3|         3|         0|         0|
+-------------------------------------------+
Courant-Friedrichs-Lewy number:        5

------------------ Convergence Criteria  ( Zone 0 ) ---------------------
Maximum number of solver subiterations: 400.
Begin convergence monitoring at iteration 10.
Residual minimum value: 1e-8.
Cauchy series min. value: 1e-10.
Number of Cauchy elements: 100.
Begin windowed time average at iteration 0.

-------------------- Output Information ( Zone 0 ) ----------------------
File writing frequency: 
+------------------------------------+
|                     File| Frequency|
+------------------------------------+
|                  RESTART|       500|
|                 PARAVIEW|       500|
|         SURFACE_PARAVIEW|       500|
|              SURFACE_CSV|       500|
+------------------------------------+
Writing the convergence history file every 1 inner iterations.
Writing the screen convergence history every 20 inner iterations.
The tabular file format is CSV (.csv).
Convergence history file name: history.
Forces breakdown file name: forces_breakdown.dat.
Surface file name: surface_flow.
Volume file name: flow.
Restart file name: restart_flow.dat.

------------- Config File Boundary Information ( Zone 0 ) ---------------
+-----------------------------------------------------------------------+
|                        Marker Type|                        Marker Name|
+-----------------------------------------------------------------------+
|                         Euler wall|                               nose|
|                                   |                               body|
|                                   |                               fins|
|                                   |                               base|
+-----------------------------------------------------------------------+
|                          Far-field|                           farfield|
+-----------------------------------------------------------------------+

-------------------- Output Preprocessing ( Zone 0 ) --------------------

WARNING: SURFACE_PRESSURE_DROP can only be computed for at least 2 surfaces (outlet, inlet, ...)

Screen output fields: INNER_ITER, ITER_TIME, WALL_TIME, RMS_DENSITY, RMS_ENERGY, DRAG, LIFT, MOMENT_Y, AVG_CFL, LINSOL_ITER
History output group(s): ITER, WALL_TIME, RMS_RES, REL_RMS_RES, AERO_COEFF, AERO_COEFF_SURF, CFL_NUMBER, LINSOL
Convergence field(s): REL_RMS_DENSITY
Warning: No (valid) fields chosen for time convergence monitoring. Time convergence monitoring inactive.
Volume output fields: COORDINATES, SOLUTION, PRIMITIVE

------------------- Geometry Preprocessing ( Zone 0 ) -------------------
Three dimensional problem.
210920 grid points.
1142193 volume elements.
5 surface markers.
2134 boundary elements in index 0 (Marker = nose).
7702 boundary elements in index 1 (Marker = body).
9176 boundary elements in index 2 (Marker = fins).
1090 boundary elements in index 3 (Marker = base).
87708 boundary elements in index 4 (Marker = farfield).
1142193 tetrahedra.
Setting point connectivity.
Renumbering points (Reverse Cuthill McKee Ordering).
Recomputing point connectivity.
Setting element connectivity.
Checking the numerical grid orientation.
All volume elements are correctly oriented.
There has been a re-orientation of 87708 TRIANGLE surface elements.
Identifying edges and vertices.
Setting the control volume structure.
Volume of the computational grid: 2033.7.
Searching for the closest normal neighbors to the surfaces.
Storing a mapping from global to local point index.
Compute the surface curvature.
Max K: 49496.9. Mean K: 126.424. Standard deviation K: 724.81.
Computing mesh quality statistics for the dual control volumes.
+--------------------------------------------------------------+
|           Mesh Quality Metric|        Minimum|        Maximum|
+--------------------------------------------------------------+
|    Orthogonality Angle (deg.)|        41.7491|        83.8168|
|     CV Face Area Aspect Ratio|         1.1972|        58.0685|
|           CV Sub-Volume Ratio|              1|        170.381|
+--------------------------------------------------------------+
Setting the multigrid structure. NMG=3
+-------------------------------------------+
|  MG Level|       CVs|Aggl. Rate|       CFL|
+-------------------------------------------+
|         0|    210920|    1/1.00|         5|
|         1|     40839|    1/5.16|   3.33333|

Euler Wall Agglomeration Statistics (45° curvature threshold):
----------------------------------------------------------------
  Marker: nose
    Seeds agglomerated:       247 (79.9%)
    Seeds rejected (>45° curv): 62 (20.1%)
  Marker: body
    Seeds agglomerated:       896 (100.0%)
    Seeds rejected (>45° curv): 0 (0.0%)
  Marker: fins
    Seeds agglomerated:       936 (63.0%)
    Seeds rejected (>45° curv): 550 (37.0%)
  Marker: base
    Seeds agglomerated:       112 (100.0%)
    Seeds rejected (>45° curv): 0 (0.0%)
----------------------------------------------------------------
|         2|      8736|    1/4.67|  2.222222|

Euler Wall Agglomeration Statistics (45° curvature threshold):
----------------------------------------------------------------
  Marker: nose
    Seeds agglomerated:       54 (31.6%)
    Seeds rejected (>45° curv): 117 (68.4%)
  Marker: body
    Seeds agglomerated:       219 (100.0%)
    Seeds rejected (>45° curv): 0 (0.0%)
  Marker: fins
    Seeds agglomerated:       255 (31.4%)
    Seeds rejected (>45° curv): 558 (68.6%)
  Marker: base
    Seeds agglomerated:       40 (100.0%)
    Seeds rejected (>45° curv): 0 (0.0%)
----------------------------------------------------------------
|         3|      2901|    1/3.01|  1.481481|
+-------------------------------------------+

Euler Wall Agglomeration Statistics (45° curvature threshold):
----------------------------------------------------------------
  Marker: nose
    Seeds agglomerated:       13 (7.5%)
    Seeds rejected (>45° curv): 160 (92.5%)
  Marker: body
    Seeds agglomerated:       44 (36.4%)
    Seeds rejected (>45° curv): 77 (63.6%)
  Marker: fins
    Seeds agglomerated:       79 (13.2%)
    Seeds rejected (>45° curv): 519 (86.8%)
  Marker: base
    Seeds agglomerated:       15 (100.0%)
    Seeds rejected (>45° curv): 0 (0.0%)
----------------------------------------------------------------
Finding max control volume width.
Semi-span length = 0.1 m.
Wetted area = 0.3 m^2.
Area projection in the x-plane = 0.0 m^2, y-plane = 0.1 m^2, z-plane = 0.1 m^2.
Max. coordinate in the x-direction = 1.0 m, y-direction = 0.1 m, z-direction = 0.1 m.
Min. coordinate in the x-direction = 0.0 m, y-direction = -0.1 m, z-direction = -0.1 m.
Computing wall distances.

-------------------- Solver Preprocessing ( Zone 0 ) --------------------
Inviscid flow: Computing density based on free-stream
temperature and pressure using the ideal gas law.
Force coefficients computed using free-stream values.

-- Models:
+------------------------------------------------------------------------------+
|          Viscosity Model|        Conductivity Model|              Fluid Model|
+------------------------------------------------------------------------------+
|                        -|                         -|             STANDARD_AIR|
+------------------------------------------------------------------------------+
-- Fluid properties:
+------------------------------------------------------------------------------+
|                  Name|    Dim. value|    Ref. value|      Unit|Non-dim. value|
+------------------------------------------------------------------------------+
|          Gas Constant|       287.058|       1607.52|  N.m/kg.K|      0.178571|
|      Spec. Heat Ratio|             -|             -|         -|           1.4|
+------------------------------------------------------------------------------+
-- Initial and free-stream conditions:
+------------------------------------------------------------------------------+
|                  Name|    Dim. value|    Ref. value|      Unit|Non-dim. value|
+------------------------------------------------------------------------------+
|       Static Pressure|        101325|        567420|        Pa|      0.178571|
|               Density|       1.22498|       1.22498|    kg/m^3|             1|
|           Temperature|        288.15|        288.15|         K|             1|
|          Total Energy|        438394|        463208|   m^2/s^2|      0.946429|
|            Velocity-X|       680.594|       680.594|       m/s|             1|
|            Velocity-Y|             0|       680.594|       m/s|             0|
|            Velocity-Z|             0|       680.594|       m/s|             0|
|    Velocity Magnitude|       680.594|       680.594|       m/s|             1|
+------------------------------------------------------------------------------+
|           Mach Number|             -|             -|         -|             2|
+------------------------------------------------------------------------------+
All ranks use edge coloring.
Among the ranks that use edge coloring,
         the minimum efficiency is 0.994240,
         the maximum number of colors is 20,
         the minimum edge color group size is 512.
Initialize Jacobian structure (Euler). MG level: 0.
WARNING: On 1 MPI ranks the coloring efficiency was less than 0.875000 (min value was 0.845536).
         Those ranks will now use a fallback strategy, better performance may be possible
         with a different value of config option EDGE_COLORING_GROUP_SIZE (default 512).
Initialize Jacobian structure (Euler). MG level: 1.
WARNING: On 1 MPI ranks the coloring efficiency was less than 0.875000 (min value was 0.868765).
         Those ranks will now use a fallback strategy, better performance may be possible
         with a different value of config option EDGE_COLORING_GROUP_SIZE (default 512).
Initialize Jacobian structure (Euler). MG level: 2.
WARNING: On 1 MPI ranks the coloring efficiency was less than 0.875000 (min value was 0.836100).
         Those ranks will now use a fallback strategy, better performance may be possible
         with a different value of config option EDGE_COLORING_GROUP_SIZE (default 512).
Initialize Jacobian structure (Euler). MG level: 3.

------------------- Numerics Preprocessing ( Zone 0 ) -------------------

----------------- Integration Preprocessing ( Zone 0 ) ------------------

------------------- Iteration Preprocessing ( Zone 0 ) ------------------
Euler/Navier-Stokes/RANS fluid iteration.

------------------------------ Begin Solver -----------------------------

Simulation Run using the Single-zone Driver
+---------------------------------------------------------------------------------------------------------------------------------+
|  Inner_Iter|   Time(sec)|   Time(sec)|    rms[Rho]|   rms[RhoE]|          CD|          CL|         CMy|     Avg CFL|Linear_Solve|
+---------------------------------------------------------------------------------------------------------------------------------+
|           0|    3.417159|  3.4172e+00|   -5.905347|   -5.854195|    0.071309|   -0.003827|    0.007284|  5.2479e+00|           2|
|          20|    4.154621|  2.9314e+00|   -5.719524|   -5.726982|    0.274032|   -0.003001|    0.009427|  1.3918e+01|           2|
|          40|    3.047240|  2.8945e+00|   -7.580959|   -7.191676|    0.261049|   -0.002494|    0.004423|  3.6929e+01|           3|
|          60|    3.096324|  2.8724e+00|  -10.078911|  -10.116178|    0.260541|   -0.002491|    0.004381|  9.7985e+01|           3|
|          80|    3.360558|  2.8625e+00|  -11.295442|  -11.352656|    0.260541|   -0.002490|    0.004369|  1.0000e+02|           4|
|         100|    2.849796|  2.8716e+00|  -12.422503|  -12.507865|    0.260541|   -0.002490|    0.004369|  1.0000e+02|           4|
|         120|    2.842559|  2.8736e+00|  -13.494814|  -13.576564|    0.260541|   -0.002490|    0.004369|  1.0000e+02|           3|
|         125|    3.000972|  2.8695e+00|  -13.760562|  -13.846835|    0.260541|   -0.002490|    0.004369|  1.0000e+02|           4|

----------------------------- Solver Exit -------------------------------
All convergence criteria satisfied.
+-----------------------------------------------------------------------+
|      Convergence Field     |     Value    |   Criterion  |  Converged |
+-----------------------------------------------------------------------+
|                 relrms[Rho]|      -8.06519|          < -8|         Yes|
+-----------------------------------------------------------------------+
-------------------------------------------------------------------------
+-----------------------------------------------------------------------+
|        File Writing Summary       |              Filename             |
+-----------------------------------------------------------------------+
|SU2 binary restart                 |restart_flow.dat                   |

Writing the forces breakdown file (forces_breakdown.dat).
|Paraview                           |flow.vtu                           |

Writing the forces breakdown file (forces_breakdown.dat).
|Paraview surface                   |surface_flow.vtu                   |

Writing the forces breakdown file (forces_breakdown.dat).
|CSV file                           |surface_flow.csv                   |

Writing the forces breakdown file (forces_breakdown.dat).
+-----------------------------------------------------------------------+

--------------------------- Finalizing Solver ---------------------------
Deleted CNumerics container.
Deleted CIntegration container.
Deleted CSolver container.
Deleted CIteration container.
Deleted CInterface container.
Deleted CGeometry container.
Deleted CFreeFormDefBox class.
Deleted CSurfaceMovement class.
Deleted CVolumetricMovement class.
Deleted CConfig container.
Deleted nInst container.
Deleted COutput class.
-------------------------------------------------------------------------

------------------------- Exit Success (SU2_CFD) ------------------------

