
-------------------------------------------------------------------------
|    ___ _   _ ___                                                      |
|   / __| | | |_  )   Release 8.5.0 "Harrier"                           |
|   \__ \ |_| |/ /                                                      |
|   |___/\___//___|   Suite (Computational Fluid Dynamics Code)         |
|                                                                       |
-------------------------------------------------------------------------
| SU2 Project Website: https://su2code.github.io                        |
|                                                                       |
| The SU2 Project is maintained by the SU2 Foundation                   |
| (http://su2foundation.org)                                            |
-------------------------------------------------------------------------
| Copyright 2012-2026, SU2 Contributors                                 |
|                                                                       |
| SU2 is free software; you can redistribute it and/or                  |
| modify it under the terms of the GNU Lesser General Public            |
| License as published by the Free Software Foundation; either          |
| version 2.1 of the License, or (at your option) any later version.    |
|                                                                       |
| SU2 is distributed in the hope that it will be useful,                |
| but WITHOUT ANY WARRANTY; without even the implied warranty of        |
| MERCHANTABILITY or FITNESS FOR A PARTICULAR PURPOSE. See the GNU      |
| Lesser General Public License for more details.                       |
|                                                                       |
| You should have received a copy of the GNU Lesser General Public      |
| License along with SU2. If not, see <http://www.gnu.org/licenses/>.   |
-------------------------------------------------------------------------

Parsing config file for zone 0

----------------- Physical Case Definition ( Zone 0 ) -------------------
Compressible RANS equations.
Turbulence model: Menter's k-omega SST-2003m with no production modification
using default hard coded lower limit clipping.
Hybrid RANS/LES: No Hybrid RANS/LES
Mach number: 2.
Angle of attack (AoA): 0 deg, and angle of sideslip (AoS): 0 deg.
Reynolds number: 4.65944e+07. Reference length 1.
Reading and writing binary SU2 native restart files.
Read flow solution from: restart_flow.dat.
Non-Dimensional simulation (V=1.0, Rho=1.0, T=1.0 at the farfield).
The reference area is 0.00785398 m^2.
The semi-span will be computed using the max y(3D) value.
The reference length is 0.1 m.
Surface(s) where the force coefficients are evaluated and 
their reference origin for moment computation: 
   - nose (0, 0, 0).
   - body (0, 0, 0).
   - fins (0, 0, 0).
   - base (0, 0, 0) m.
Surface(s) plotted in the output file: nose, body, fins, base.
Input mesh file name: ../../meshes/rocket_bl_sf3_split.su2

--------------- Space Numerical Integration ( Zone 0 ) ------------------
Roe (with entropy fix = 0.001) solver for the flow inviscid terms.
Standard Roe without low-dissipation function.
Second order integration in space, with slope limiter.
Venkatakrishnan-Wang slope-limiting method, with constant: 0.03.
Scalar upwind solver for the turbulence model.
First order integration in space.
Average of gradients with correction (viscous flow terms).
Average of gradients with correction (viscous turbulence terms).
Gradient for upwind reconstruction: unweighted Least-Squares.
Gradient for viscous and source terms: Green-Gauss.

--------------- Time Numerical Integration  ( Zone 0 ) ------------------
Local time stepping (steady state simulation).
Euler implicit method for the flow equations.
FGMRES is used for solving the linear system.
Using a ILU(0) preconditioning.
Convergence criteria of the linear solver: 0.05.
Max number of linear iterations: 15.
CFL adaptation. Factor down: 0.5, factor up: 1.05,
                lower limit: 1, upper limit: 20,
                acceptable linear residual: 0.1'
                starting iteration: 0.
Courant-Friedrichs-Lewy number:        1
Euler implicit time integration for the turbulence model.

------------------ Convergence Criteria  ( Zone 0 ) ---------------------
Maximum number of solver subiterations: 900.
Begin convergence monitoring at iteration 10.
Residual minimum value: 1e-6.
Cauchy series min. value: 1e-10.
Number of Cauchy elements: 100.
Begin windowed time average at iteration 0.

-------------------- Output Information ( Zone 0 ) ----------------------
File writing frequency: 
+------------------------------------+
|                     File| Frequency|
+------------------------------------+
|                  RESTART|       500|
|                 PARAVIEW|       500|
|         SURFACE_PARAVIEW|       500|
|              SURFACE_CSV|       500|
+------------------------------------+
Writing the convergence history file every 1 inner iterations.
Writing the screen convergence history every 20 inner iterations.
The tabular file format is CSV (.csv).
Convergence history file name: history.
Forces breakdown file name: forces_breakdown.dat.
Surface file name: surface_flow.
Volume file name: flow.
Restart file name: restart_flow.dat.

------------- Config File Boundary Information ( Zone 0 ) ---------------
+-----------------------------------------------------------------------+
|                        Marker Type|                        Marker Name|
+-----------------------------------------------------------------------+
|                          Far-field|                           farfield|
+-----------------------------------------------------------------------+
|                     Heat flux wall|                               nose|
|                                   |                               body|
|                                   |                               fins|
|                                   |                               base|
+-----------------------------------------------------------------------+

-------------------- Output Preprocessing ( Zone 0 ) --------------------

WARNING: SURFACE_PRESSURE_DROP can only be computed for at least 2 surfaces (outlet, inlet, ...)

Screen output fields: INNER_ITER, ITER_TIME, WALL_TIME, RMS_DENSITY, RMS_ENERGY, DRAG, LIFT, MOMENT_Y, AVG_CFL, LINSOL_ITER
History output group(s): ITER, WALL_TIME, RMS_RES, REL_RMS_RES, AERO_COEFF, AERO_COEFF_SURF, CFL_NUMBER, LINSOL
Convergence field(s): REL_RMS_DENSITY
Warning: No (valid) fields chosen for time convergence monitoring. Time convergence monitoring inactive.
Volume output fields: COORDINATES, SOLUTION, PRIMITIVE

------------------- Geometry Preprocessing ( Zone 0 ) -------------------
Three dimensional problem.
48095 grid points.
129047 volume elements.
5 surface markers.
2982 boundary elements in index 0 (Marker = nose).
2167 boundary elements in index 1 (Marker = body).
1936 boundary elements in index 2 (Marker = fins).
301 boundary elements in index 3 (Marker = base).
1586 boundary elements in index 4 (Marker = farfield).
55187 tetrahedra.
73860 prisms.
Setting point connectivity.
Renumbering points (Reverse Cuthill McKee Ordering).
Recomputing point connectivity.
Setting element connectivity.
Checking the numerical grid orientation.
All volume elements are correctly oriented.
There has been a re-orientation of 1586 TRIANGLE surface elements.
Identifying edges and vertices.
Setting the control volume structure.
Volume of the computational grid: 17.8497.
Searching for the closest normal neighbors to the surfaces.
Storing a mapping from global to local point index.
Compute the surface curvature.
Max K: 36109.8. Mean K: 912.042. Standard deviation K: 2404.46.
Computing mesh quality statistics for the dual control volumes.
+--------------------------------------------------------------+
|           Mesh Quality Metric|        Minimum|        Maximum|
+--------------------------------------------------------------+
|    Orthogonality Angle (deg.)|        65.5146|        89.9736|
|     CV Face Area Aspect Ratio|        1.45678|        2158.66|
|           CV Sub-Volume Ratio|        1.00084|        2191.52|
+--------------------------------------------------------------+
Finding max control volume width.
Semi-span length = 0.0933381 m.
Wetted area = 0.329727 m^2.
Area projection in the x-plane = 0.00924334 m^2, y-plane = 0.103363 m^2, z-plane = 0.103606 m^2.
Max. coordinate in the x-direction = 1 m, y-direction = 0.0933381 m, z-direction = 0.0933381 m.
Min. coordinate in the x-direction = 0.0015 m, y-direction = -0.0933381 m, z-direction = -0.0933381 m.
Computing wall distances.

-------------------- Solver Preprocessing ( Zone 0 ) --------------------
Viscous flow: Computing pressure using the ideal gas law
based on the free-stream temperature and a density computed
from the Reynolds number.
Force coefficients computed using free-stream values.

-- Models:
+------------------------------------------------------------------------------+
|          Viscosity Model|        Conductivity Model|              Fluid Model|
+------------------------------------------------------------------------------+
|               SUTHERLAND|          CONSTANT_PRANDTL|             STANDARD_AIR|
+------------------------------------------------------------------------------+
-- Fluid properties:
+------------------------------------------------------------------------------+
|                  Name|    Dim. value|    Ref. value|      Unit|Non-dim. value|
+------------------------------------------------------------------------------+
|        Ref. Viscosity|     1.716e-05|       833.713|   N.s/m^2|   2.05826e-08|
|      Sutherland Temp.|        273.15|        288.15|         K|      0.947944|
|     Sutherland Const.|         110.4|        288.15|         K|      0.383134|
+------------------------------------------------------------------------------+
|        Prandtl (Lam.)|             -|             -|         -|          0.72|
|       Prandtl (Turb.)|             -|             -|         -|           0.9|
+------------------------------------------------------------------------------+
|          Gas Constant|       287.058|       1607.52|  N.m/kg.K|      0.178571|
|      Spec. Heat Ratio|             -|             -|         -|           1.4|
+------------------------------------------------------------------------------+
-- Initial and free-stream conditions:
+------------------------------------------------------------------------------+
|                  Name|    Dim. value|    Ref. value|      Unit|Non-dim. value|
+------------------------------------------------------------------------------+
|       Static Pressure|        101325|        567420|        Pa|      0.178571|
|               Density|       1.22498|       1.22498|    kg/m^3|             1|
|           Temperature|        288.15|        288.15|         K|             1|
|          Total Energy|        438394|        463208|   m^2/s^2|       0.94643|
|            Velocity-X|       680.594|       680.594|       m/s|             1|
|            Velocity-Y|             0|       680.594|       m/s|             0|
|            Velocity-Z|             0|       680.594|       m/s|             0|
|    Velocity Magnitude|       680.594|       680.594|       m/s|             1|
+------------------------------------------------------------------------------+
|             Viscosity|    1.7893e-05|       833.713|   N.s/m^2|   2.14618e-08|
|          Conductivity|             -|   1.34021e+06|   W/m^2.K|             -|
|     Turb. Kin. Energy|      0.694812|        463208|   m^2/s^2|       1.5e-06|
|     Spec. Dissipation|       47567.8|       680.594|       1/s|       69.8916|
+------------------------------------------------------------------------------+
|           Mach Number|             -|             -|         -|             2|
|       Reynolds Number|             -|             -|         -|   4.65944e+07|
+------------------------------------------------------------------------------+
All ranks use edge coloring.
Among the ranks that use edge coloring,
         the minimum efficiency is 0.965763,
         the maximum number of colors is 17,
         the minimum edge color group size is 512.
Initialize Jacobian structure (Navier-Stokes). MG level: 0.
Initialize Jacobian structure (SST model).

------------------- Numerics Preprocessing ( Zone 0 ) -------------------

----------------- Integration Preprocessing ( Zone 0 ) ------------------

------------------- Iteration Preprocessing ( Zone 0 ) ------------------
Euler/Navier-Stokes/RANS fluid iteration.

------------------------------ Begin Solver -----------------------------

Simulation Run using the Single-zone Driver
+---------------------------------------------------------------------------------------------------------------------------------+
|  Inner_Iter|   Time(sec)|   Time(sec)|    rms[Rho]|   rms[RhoE]|          CD|          CL|         CMy|     Avg CFL|Linear_Solve|
+---------------------------------------------------------------------------------------------------------------------------------+
|           0|    0.466666|  4.6667e-01|   -6.900882|   -7.218063|    0.513614|   -0.008164|    0.049407|  1.0500e+00|           1|
|          20|    0.363622|  3.9700e-01|   -7.276305|   -7.564466|    0.514218|   -0.008118|    0.049019|  2.7856e+00|           1|
|          40|    0.392378|  4.2812e-01|   -7.756296|   -8.030279|    0.514555|   -0.008181|    0.049403|  7.3908e+00|           2|
|          60|    0.519055|  4.1969e-01|   -5.813737|   -6.065157|    0.513255|   -0.008171|    0.049570|  1.9607e+01|           1|
|          80|    0.384122|  4.1922e-01|   -5.599739|   -5.856238|    0.508826|   -0.008240|    0.050197|  1.9995e+01|           2|
|         100|    0.424052|  4.1967e-01|   -5.365503|   -5.655017|    0.509450|   -0.008143|    0.049620|  9.9977e+00|           2|
|         120|    0.411971|  4.1287e-01|   -6.358800|   -6.688752|    0.510356|   -0.008117|    0.049137|  1.0000e+00|           1|
|         140|    0.398759|  4.0732e-01|   -6.519748|   -6.790964|    0.509635|   -0.008050|    0.048368|  1.0000e+00|           1|
|         160|    0.384470|  4.0500e-01|   -7.195838|   -7.466980|    0.510009|   -0.008017|    0.047847|  2.1827e+00|           1|
|         180|    0.364676|  4.0655e-01|   -5.620466|   -5.904056|    0.510939|   -0.008132|    0.048723|  5.7908e+00|           1|
|         200|    0.412985|  4.0357e-01|   -5.689824|   -5.960707|    0.512069|   -0.008254|    0.050239|  1.5363e+01|           2|
|         220|    0.673902|  4.2187e-01|   -5.603777|   -5.873081|    0.511152|   -0.008341|    0.050903|  1.9995e+01|           2|
|         240|    0.430825|  4.3521e-01|   -6.680220|   -6.973776|    0.510156|   -0.008367|    0.051061|  1.4070e+00|           1|
|         260|    0.376607|  4.4657e-01|   -6.859854|   -7.151314|    0.510211|   -0.008363|    0.051224|  1.0000e+00|           1|
|         280|    0.380816|  4.4127e-01|   -7.326593|   -7.607637|    0.510742|   -0.008323|    0.050826|  1.5512e+00|           1|
|         300|    0.378219|  4.3968e-01|   -7.601275|   -7.864966|    0.510827|   -0.008344|    0.050999|  4.1156e+00|           1|
|         320|    0.410502|  4.3796e-01|   -5.758769|   -6.048263|    0.508561|   -0.008367|    0.050881|  1.0918e+01|           1|
|         340|    0.397245|  4.3621e-01|   -5.493102|   -5.769527|    0.507361|   -0.008408|    0.051510|  1.9994e+01|           2|
|         360|    0.698141|  4.4089e-01|   -5.516745|   -5.794109|    0.507822|   -0.008388|    0.051581|  1.2029e+01|           1|
|         380|    0.824149|  4.5099e-01|   -6.212479|   -6.542000|    0.506945|   -0.008457|    0.051585|  1.0000e+00|           1|
|         400|    0.374805|  4.5805e-01|   -6.285458|   -6.596912|    0.506748|   -0.008440|    0.051607|  1.0000e+00|           1|
|         420|    0.376008|  4.5615e-01|   -6.761972|   -7.066397|    0.507652|   -0.008404|    0.051529|  2.2918e+00|           1|
|         440|    0.406735|  4.5467e-01|   -5.380453|   -5.652660|    0.507754|   -0.008395|    0.051494|  6.0802e+00|           1|
|         460|    0.420971|  4.5274e-01|   -5.509097|   -5.785737|    0.505561|   -0.008400|    0.051229|  1.6130e+01|           1|
|         480|    0.359627|  4.4986e-01|   -5.985680|   -6.310965|    0.506088|   -0.008428|    0.051558|  1.0000e+00|           1|
|         500|    0.380423|  4.4730e-01|   -6.001610|   -6.315524|    0.506072|   -0.008422|    0.051803|  1.0000e+00|           1|
+-----------------------------------------------------------------------+
|        File Writing Summary       |              Filename             |
+-----------------------------------------------------------------------+
|SU2 binary restart                 |restart_flow.dat                   |

Writing the forces breakdown file (forces_breakdown.dat).
|Paraview                           |flow.vtu                           |

Writing the forces breakdown file (forces_breakdown.dat).
|Paraview surface                   |surface_flow.vtu                   |

Writing the forces breakdown file (forces_breakdown.dat).
|CSV file                           |surface_flow.csv                   |

Writing the forces breakdown file (forces_breakdown.dat).
+-----------------------------------------------------------------------+
+---------------------------------------------------------------------------------------------------------------------------------+
|  Inner_Iter|   Time(sec)|   Time(sec)|    rms[Rho]|   rms[RhoE]|          CD|          CL|         CMy|     Avg CFL|Linear_Solve|
+---------------------------------------------------------------------------------------------------------------------------------+
|         520|    0.582595|  4.4748e-01|   -6.217935|   -6.513227|    0.506801|   -0.008423|    0.052012|  1.0000e+00|           1|
|         540|    0.403068|  4.5367e-01|   -7.027900|   -7.355334|    0.507346|   -0.008441|    0.052255|  1.2762e+00|           1|
|         560|    0.371679|  4.5139e-01|   -7.412260|   -7.610573|    0.507729|   -0.008476|    0.052223|  3.3859e+00|           1|
|         580|    0.355915|  4.4930e-01|   -5.527392|   -5.808122|    0.506381|   -0.008424|    0.051702|  8.9827e+00|           1|
|         600|    0.406866|  4.4838e-01|   -5.498564|   -5.776907|    0.506347|   -0.008449|    0.051805|  1.9992e+01|           2|
|         620|    0.339700|  4.4649e-01|   -5.523919|   -5.796971|    0.506976|   -0.008721|    0.055359|  1.9993e+01|           1|
|         640|    0.381335|  4.4398e-01|   -6.465724|   -6.781927|    0.504941|   -0.008335|    0.051465|  1.0000e+00|           1|
|         660|    0.361822|  4.4188e-01|   -6.595523|   -6.897799|    0.504762|   -0.008436|    0.051972|  1.0000e+00|           1|
|         680|    0.355427|  4.4032e-01|   -7.077195|   -7.379378|    0.504956|   -0.008545|    0.052626|  1.7102e+00|           1|
|         700|    0.417806|  4.3886e-01|   -5.510623|   -5.778576|    0.504713|   -0.008478|    0.052344|  4.5371e+00|           1|
|         720|    0.372523|  4.3730e-01|   -5.325558|   -5.599778|    0.495636|   -0.008439|    0.051416|  1.2036e+01|           1|
|         740|    0.403334|  4.3581e-01|   -5.637155|   -5.911783|    0.502631|   -0.008609|    0.053861|  1.9992e+01|           2|
|         760|    0.350739|  4.3458e-01|   -5.440228|   -5.719414|    0.501575|   -0.008306|    0.050816|  4.9985e+00|           1|
|         780|    0.350285|  4.3290e-01|   -6.264956|   -6.619489|    0.501719|   -0.008474|    0.052113|  1.0000e+00|           1|
|         800|    0.359936|  4.3125e-01|   -6.446830|   -6.738565|    0.501741|   -0.008556|    0.052917|  1.2155e+00|           1|
|         820|    0.362976|  4.2977e-01|   -7.282642|   -7.563521|    0.502779|   -0.008459|    0.052322|  3.2247e+00|           1|
|         840|    0.365360|  4.2852e-01|   -5.481848|   -5.762443|    0.501502|   -0.008482|    0.052241|  8.5546e+00|           1|
|         860|    0.390522|  4.2733e-01|   -6.279578|   -6.547438|    0.502720|   -0.008394|    0.051890|  2.4512e+00|           1|
|         880|    0.364093|  4.2632e-01|   -6.317140|   -6.625809|    0.502888|   -0.008416|    0.051944|  1.0000e+00|           1|
|         899|    0.375489|  4.2537e-01|   -6.450322|   -6.780354|    0.502570|   -0.008497|    0.052455|  1.0000e+00|           1|

----------------------------- Solver Exit -------------------------------

Maximum number of iterations reached (ITER = 900) before convergence.
+-----------------------------------------------------------------------+
|      Convergence Field     |     Value    |   Criterion  |  Converged |
+-----------------------------------------------------------------------+
|                 relrms[Rho]|       -2.1163|          < -6|          No|
+-----------------------------------------------------------------------+
-------------------------------------------------------------------------
+-----------------------------------------------------------------------+
|        File Writing Summary       |              Filename             |
+-----------------------------------------------------------------------+
|SU2 binary restart                 |restart_flow.dat                   |

Writing the forces breakdown file (forces_breakdown.dat).
|Paraview                           |flow.vtu                           |

Writing the forces breakdown file (forces_breakdown.dat).
|Paraview surface                   |surface_flow.vtu                   |

Writing the forces breakdown file (forces_breakdown.dat).
|CSV file                           |surface_flow.csv                   |

Writing the forces breakdown file (forces_breakdown.dat).
+-----------------------------------------------------------------------+
Warning: 84 reconstructed states for upwinding are non-physical.

--------------------------- Finalizing Solver ---------------------------
Deleted CNumerics container.
Deleted CIntegration container.
Deleted CSolver container.
Deleted CIteration container.
Deleted CInterface container.
Deleted CGeometry container.
Deleted CFreeFormDefBox class.
Deleted CSurfaceMovement class.
Deleted CVolumetricMovement class.
Deleted CConfig container.
Deleted nInst container.
Deleted COutput class.
-------------------------------------------------------------------------

------------------------- Exit Success (SU2_CFD) ------------------------

