Info    : Meshing 1D...
Info    : [  0%] Meshing curve 1 (Circle)
Info    : [ 10%] Meshing curve 2 (Line)
Info    : [ 10%] Meshing curve 3 (Circle)
Info    : [ 10%] Meshing curve 4 (Line)
Info    : [ 10%] Meshing curve 5 (Circle)
Info    : [ 10%] Meshing curve 6 (Line)
Info    : [ 20%] Meshing curve 7 (Ellipse)
Info    : [ 20%] Meshing curve 8 (Line)
Info    : [ 20%] Meshing curve 9 (Circle)
Info    : [ 20%] Meshing curve 10 (Line)
Info    : [ 20%] Meshing curve 11 (Ellipse)
Info    : [ 30%] Meshing curve 12 (Line)
Info    : [ 30%] Meshing curve 13 (Circle)
Info    : [ 30%] Meshing curve 14 (Line)
Info    : [ 30%] Meshing curve 15 (Ellipse)
Info    : [ 30%] Meshing curve 16 (Line)
Info    : [ 40%] Meshing curve 17 (Circle)
Info    : [ 40%] Meshing curve 18 (Line)
Info    : [ 40%] Meshing curve 19 (Ellipse)
Info    : [ 40%] Meshing curve 20 (Line)
Info    : [ 40%] Meshing curve 21 (Circle)
Info    : [ 40%] Meshing curve 22 (Line)
Info    : [ 50%] Meshing curve 23 (Line)
Info    : [ 50%] Meshing curve 24 (Line)
Info    : [ 50%] Meshing curve 25 (Line)
Info    : [ 50%] Meshing curve 26 (Line)
Info    : [ 50%] Meshing curve 27 (Line)
Info    : [ 60%] Meshing curve 28 (Line)
Info    : [ 60%] Meshing curve 29 (Line)
Info    : [ 60%] Meshing curve 30 (Line)
Info    : [ 60%] Meshing curve 31 (Line)
Info    : [ 60%] Meshing curve 32 (Line)
Info    : [ 70%] Meshing curve 33 (Line)
Info    : [ 70%] Meshing curve 34 (Line)
Info    : [ 70%] Meshing curve 35 (Line)
Info    : [ 70%] Meshing curve 36 (Line)
Info    : [ 70%] Meshing curve 37 (Line)
Info    : [ 70%] Meshing curve 38 (Line)
Info    : [ 80%] Meshing curve 39 (Line)
Info    : [ 80%] Meshing curve 40 (Line)
Info    : [ 80%] Meshing curve 41 (Line)
Info    : [ 80%] Meshing curve 42 (Line)
Info    : [ 80%] Meshing curve 43 (Line)
Info    : [ 90%] Meshing curve 44 (Line)
Info    : [ 90%] Meshing curve 45 (Line)
Info    : [ 90%] Meshing curve 46 (Line)
Info    : [ 90%] Meshing curve 47 (Line)
Info    : [ 90%] Meshing curve 48 (Line)
Info    : [100%] Meshing curve 49 (Line)
Info    : [100%] Meshing curve 50 (Line)
Info    : [100%] Meshing curve 51 (Line)
Info    : [100%] Meshing curve 52 (Line)
Info    : [100%] Meshing curve 53 (Line)
Info    : Done meshing 1D (Wall 0.439296s, CPU 0.429487s)
Info    : Meshing 2D...
Info    : [  0%] Meshing surface 1 (Cone, Frontal-Delaunay)
Info    : [ 10%] Meshing surface 2 (Cylinder, Frontal-Delaunay)
Info    : [ 20%] Meshing surface 3 (Plane, Frontal-Delaunay)
Info    : [ 20%] Meshing surface 4 (Plane, Frontal-Delaunay)
Info    : [ 30%] Meshing surface 5 (Plane, Frontal-Delaunay)
Info    : [ 30%] Meshing surface 6 (Plane, Frontal-Delaunay)
Info    : [ 40%] Meshing surface 7 (Plane, Frontal-Delaunay)
Info    : [ 40%] Meshing surface 8 (Plane, Frontal-Delaunay)
Info    : [ 50%] Meshing surface 9 (Plane, Frontal-Delaunay)
Info    : [ 50%] Meshing surface 10 (Plane, Frontal-Delaunay)
Info    : [ 60%] Meshing surface 11 (Plane, Frontal-Delaunay)
Info    : [ 60%] Meshing surface 12 (Plane, Frontal-Delaunay)
Info    : [ 70%] Meshing surface 13 (Plane, Frontal-Delaunay)
Info    : [ 70%] Meshing surface 14 (Plane, Frontal-Delaunay)
Info    : [ 80%] Meshing surface 15 (Plane, Frontal-Delaunay)
Info    : [ 80%] Meshing surface 16 (Plane, Frontal-Delaunay)
Info    : [ 90%] Meshing surface 17 (Plane, Frontal-Delaunay)
Info    : [ 90%] Meshing surface 18 (Plane, Frontal-Delaunay)
Info    : [100%] Meshing surface 19 (Plane, Frontal-Delaunay)
Info    : [100%] Meshing surface 20 (Plane, Frontal-Delaunay)
Info    : Done meshing 2D (Wall 0.303488s, CPU 0.295709s)
Info    : 3695 nodes 7928 elements
[bl] wall triangles: 7386  wall nodes: 3695
[bl] wall: 7386 tris, enclosed volume 6.307492e-03 m^3, non-manifold/open edges: 0
[bl] topology: {0: 0, 1: 0, 2: 1}
[bl] layers=10 h1=4e-05 ratio=1.2 total=1.0383e-03 m
[bl] extrusion: 1 top surfaces, 1 BL volumes
[bl] wall patches per marker: {'wall': 1}
Info    : Meshing 1D...
Info    : [  0%] Meshing curve 1 (Line)
Info    : [ 10%] Meshing curve 2 (Line)
Info    : [ 20%] Meshing curve 3 (Line)
Info    : [ 30%] Meshing curve 4 (Line)
Info    : [ 40%] Meshing curve 5 (Line)
Info    : [ 50%] Meshing curve 6 (Line)
Info    : [ 60%] Meshing curve 7 (Line)
Info    : [ 60%] Meshing curve 8 (Line)
Info    : [ 70%] Meshing curve 9 (Line)
Info    : [ 80%] Meshing curve 10 (Line)
Info    : [ 90%] Meshing curve 11 (Line)
Info    : [100%] Meshing curve 12 (Line)
Info    : Done meshing 1D (Wall 0.019461s, CPU 0.019247s)
Info    : Meshing 2D...
Info    : 0 dependencies in mesh of source faces
Info    : Meshing curve 1 (Line)
Info    : Meshing curve 2 (Line)
Info    : Meshing curve 3 (Line)
Info    : Meshing curve 4 (Line)
Info    : Meshing curve 5 (Line)
Info    : Meshing curve 6 (Line)
Info    : Meshing curve 7 (Line)
Info    : Meshing curve 8 (Line)
Info    : Meshing curve 9 (Line)
Info    : Meshing curve 10 (Line)
Info    : Meshing curve 11 (Line)
Info    : Meshing curve 12 (Line)
Info    : Meshing surface 3 (Extruded)
Info    : Meshing surface 4 (Plane, Frontal-Delaunay)
Info    : Meshing surface 5 (Plane, Frontal-Delaunay)
Info    : Meshing surface 6 (Plane, Frontal-Delaunay)
Info    : Meshing surface 7 (Plane, Frontal-Delaunay)
Info    : Meshing surface 8 (Plane, Frontal-Delaunay)
Info    : Meshing surface 9 (Plane, Frontal-Delaunay)
Info    : Meshing surface 3 (Boundary layer surface)
Info    : Meshing surface 3 (Extruded)
Info    : Done meshing 2D (Wall 0.0757268s, CPU 0.07491s)
Info    : Meshing 3D...
Info    : Meshing volume 1 (Extruded)
Info    : 3D Meshing 1 volume with 1 connected component
Info    : Tetrahedrizing 4490 nodes...
Info    : Done tetrahedrizing 4498 nodes (Wall 0.104522s, CPU 0.095828s)
Info    : Reconstructing mesh...
Info    :  - Creating surface mesh
Info    :  - Identifying boundary edges
Info    :  - Recovering boundary
Info    :  - Added 4 Steiner points
Info    : Done reconstructing mesh (Wall 0.253218s, CPU 0.227137s)
Info    : Found volume 2
Info    : Found void region
Info    : It. 0 - 0 nodes created - worst tet radius 821.07 (nodes removed 0 0)
Info    : It. 500 - 497 nodes created - worst tet radius 2.92741 (nodes removed 0 3)
Info    : It. 1000 - 996 nodes created - worst tet radius 2.10649 (nodes removed 0 4)
Info    : It. 1500 - 1490 nodes created - worst tet radius 1.77081 (nodes removed 0 10)
Info    : It. 2000 - 1971 nodes created - worst tet radius 1.57538 (nodes removed 0 29)
Info    : It. 2500 - 2435 nodes created - worst tet radius 1.46156 (nodes removed 0 65)
Info    : It. 3000 - 2909 nodes created - worst tet radius 1.35272 (nodes removed 0 91)
Info    : It. 3500 - 3393 nodes created - worst tet radius 1.27506 (nodes removed 0 107)
Info    : It. 4000 - 3881 nodes created - worst tet radius 1.21495 (nodes removed 0 119)
Info    : It. 4500 - 4374 nodes created - worst tet radius 1.15997 (nodes removed 0 126)
Info    : It. 5000 - 4869 nodes created - worst tet radius 1.11748 (nodes removed 0 131)
Info    : It. 5500 - 5365 nodes created - worst tet radius 1.0796 (nodes removed 0 135)
Info    : It. 6000 - 5859 nodes created - worst tet radius 1.04764 (nodes removed 0 141)
Info    : It. 6500 - 6355 nodes created - worst tet radius 1.01659 (nodes removed 0 145)
Info    : 3D refinement terminated (14844 nodes total):
Info    :  - 35 Delaunay cavities modified for star shapeness
Info    :  - 148 nodes could not be inserted
Info    :  - 56705 tetrahedra created in 0.902542 sec. (62828 tets/s)
Info    : 3 node relocations
Info    : Done meshing 3D (Wall 1.87627s, CPU 1.80316s)
Info    : Optimizing mesh...
Info    : Optimizing volume 2
Info    : Optimization starts (volume = 17.8494) with worst = 0.00406812 / average = 0.719473:
Info    : 0.00 < quality < 0.10 :       453 elements
Info    : 0.10 < quality < 0.20 :       534 elements
Info    : 0.20 < quality < 0.30 :      1070 elements
Info    : 0.30 < quality < 0.40 :      1900 elements
Info    : 0.40 < quality < 0.50 :      3065 elements
Info    : 0.50 < quality < 0.60 :      5279 elements
Info    : 0.60 < quality < 0.70 :      8600 elements
Info    : 0.70 < quality < 0.80 :     13091 elements
Info    : 0.80 < quality < 0.90 :     15096 elements
Info    : 0.90 < quality < 1.00 :      7617 elements
Info    : 1725 edge swaps, 124 node relocations (volume = 17.8494): worst = 0.0249916 / average = 0.735849 (Wall 0.0832185s, CPU 0.080887s)
Info    : 1809 edge swaps, 164 node relocations (volume = 17.8494): worst = 0.0347988 / average = 0.736307 (Wall 0.115076s, CPU 0.112518s)
Info    : 1827 edge swaps, 178 node relocations (volume = 17.8494): worst = 0.0436449 / average = 0.736374 (Wall 0.144145s, CPU 0.141587s)
Info    : 1830 edge swaps, 183 node relocations (volume = 17.8494): worst = 0.0436449 / average = 0.736376 (Wall 0.176125s, CPU 0.171767s)
Info    : No ill-shaped tets in the mesh :-)
Info    : 0.00 < quality < 0.10 :        14 elements
Info    : 0.10 < quality < 0.20 :        59 elements
Info    : 0.20 < quality < 0.30 :       308 elements
Info    : 0.30 < quality < 0.40 :      1920 elements
Info    : 0.40 < quality < 0.50 :      3054 elements
Info    : 0.50 < quality < 0.60 :      5194 elements
Info    : 0.60 < quality < 0.70 :      8567 elements
Info    : 0.70 < quality < 0.80 :     13287 elements
Info    : 0.80 < quality < 0.90 :     15224 elements
Info    : 0.90 < quality < 1.00 :      7554 elements
Info    : Done optimizing mesh (Wall 0.344981s, CPU 0.322133s)
Info    : 48095 nodes 145517 elements
[bl] 3D meshing 2.4s
[bl]   Tetrahedron 4: n=55187 minSICN min=0.08367 p1=0.3313 mean=0.7698 nonpositive=0 negvol=0
[bl]   Prism 6: n=73860 minSICN min=0.002006 p1=0.004628 mean=0.0907 nonpositive=0 negvol=0
[bl] nodes=48095
Info    : Writing 'meshes/rocket_bl_sf3.su2'...
Info    : Writing 129047 elements and 48095 nodes
Info    : Done writing 'meshes/rocket_bl_sf3.su2'
[bl] wrote meshes/rocket_bl_sf3.su2
