[mesh] marker nose: 2 surfaces
[mesh] marker body: 1 surfaces
[mesh] marker fins: 16 surfaces
[mesh] marker base: 1 surfaces
[mesh] marker farfield: 3 surfaces
Info    : Meshing 1D...
Info    : [  0%] Meshing curve 1 (Circle)
Info    : [  0%] Meshing curve 2 (Line)
Info    : [  0%] Meshing curve 3 (Circle)
Info    : [  0%] Meshing curve 4 (Line)
Info    : [ 10%] Meshing curve 5 (Circle)
Info    : [ 10%] Meshing curve 6 (Line)
Info    : [ 10%] Meshing curve 7 (Ellipse)
Info    : [ 10%] Meshing curve 8 (Line)
Info    : [ 20%] Meshing curve 9 (Circle)
Info    : [ 20%] Meshing curve 10 (Line)
Info    : [ 20%] Meshing curve 11 (Ellipse)
Info    : [ 20%] Meshing curve 12 (Line)
Info    : [ 20%] Meshing curve 13 (Circle)
Info    : [ 30%] Meshing curve 14 (Line)
Info    : [ 30%] Meshing curve 15 (Ellipse)
Info    : [ 30%] Meshing curve 16 (Line)
Info    : [ 30%] Meshing curve 17 (Circle)
Info    : [ 30%] Meshing curve 18 (Line)
Info    : [ 30%] Meshing curve 19 (Ellipse)
Info    : [ 30%] Meshing curve 20 (Line)
Info    : [ 40%] Meshing curve 21 (Circle)
Info    : [ 40%] Meshing curve 22 (Line)
Info    : [ 40%] Meshing curve 23 (Line)
Info    : [ 40%] Meshing curve 24 (Line)
Info    : [ 50%] Meshing curve 25 (Line)
Info    : [ 50%] Meshing curve 26 (Line)
Info    : [ 50%] Meshing curve 27 (Line)
Info    : [ 50%] Meshing curve 28 (Line)
Info    : [ 50%] Meshing curve 29 (Line)
Info    : [ 60%] Meshing curve 30 (Line)
Info    : [ 60%] Meshing curve 31 (Line)
Info    : [ 60%] Meshing curve 32 (Line)
Info    : [ 60%] Meshing curve 33 (Line)
Info    : [ 60%] Meshing curve 34 (Line)
Info    : [ 60%] Meshing curve 35 (Line)
Info    : [ 70%] Meshing curve 36 (Line)
Info    : [ 70%] Meshing curve 37 (Line)
Info    : [ 70%] Meshing curve 38 (Line)
Info    : [ 70%] Meshing curve 39 (Line)
Info    : [ 70%] Meshing curve 40 (Line)
Info    : [ 70%] Meshing curve 41 (Line)
Info    : [ 70%] Meshing curve 42 (Line)
Info    : [ 70%] Meshing curve 43 (Line)
Info    : [ 80%] Meshing curve 44 (Line)
Info    : [ 80%] Meshing curve 45 (Line)
Info    : [ 80%] Meshing curve 46 (Line)
Info    : [ 90%] Meshing curve 47 (Line)
Info    : [ 90%] Meshing curve 48 (Line)
Info    : [ 90%] Meshing curve 49 (Line)
Info    : [ 90%] Meshing curve 50 (Line)
Info    : [ 90%] Meshing curve 51 (Line)
Info    : [ 90%] Meshing curve 52 (Line)
Info    : [100%] Meshing curve 53 (Line)
Info    : [100%] Meshing curve 54 (Circle)
Info    : [100%] Meshing curve 55 (Line)
Info    : [100%] Meshing curve 56 (Circle)
Info    : Done meshing 1D (Wall 5.38563s, CPU 6.95566s)
Info    : 1565 nodes 1621 elements
[mesh] generate(1) done in 5.6s
Info    : Meshing 2D...
Info    : [  0%] Meshing surface 2 (Cylinder, Frontal-Delaunay)
Info    : [  0%] Meshing surface 1 (Cone, Frontal-Delaunay)
Info    : [  0%] Meshing surface 3 (Plane, Frontal-Delaunay)
Info    : [  0%] Meshing surface 4 (Plane, Frontal-Delaunay)
Info    : [  0%] Meshing surface 5 (Plane, Frontal-Delaunay)
Info    : [  0%] Meshing surface 6 (Plane, Frontal-Delaunay)
Info    : [  0%] Meshing surface 7 (Plane, Frontal-Delaunay)
Info    : [  0%] Meshing surface 8 (Plane, Frontal-Delaunay)
Info    : [  0%] Meshing surface 9 (Plane, Frontal-Delaunay)
Info    : [  0%] Meshing surface 10 (Plane, Frontal-Delaunay)
Info    : [  0%] Meshing surface 11 (Plane, Frontal-Delaunay)
Info    : [  0%] Meshing surface 12 (Plane, Frontal-Delaunay)
Info    : [  0%] Meshing surface 13 (Plane, Frontal-Delaunay)
Info    : [  0%] Meshing surface 14 (Plane, Frontal-Delaunay)
Info    : [  0%] Meshing surface 15 (Plane, Frontal-Delaunay)
Info    : [  0%] Meshing surface 16 (Plane, Frontal-Delaunay)
Info    : [  0%] Meshing surface 17 (Plane, Frontal-Delaunay)
Info    : [  0%] Meshing surface 18 (Plane, Frontal-Delaunay)
Info    : [  0%] Meshing surface 19 (Plane, Frontal-Delaunay)
Info    : [  0%] Meshing surface 20 (Plane, Frontal-Delaunay)
Info    : [  0%] Meshing surface 21 (Cylinder, Frontal-Delaunay)
Info    : [ 90%] Meshing surface 22 (Plane, Frontal-Delaunay)
Info    : [100%] Meshing surface 23 (Plane, Frontal-Delaunay)
Info    : Done meshing 2D (Wall 1.12278s, CPU 1.90044s)
Info    : 18931 nodes 39475 elements
[mesh] generate(2) done in 1.2s
[mesh] surface triangles on walls: 11756
Info    : Meshing 3D...
Info    : 3D Meshing 1 volume with 1 connected component
Info    : Input mesh hash 21b1d0d3e9eb5c7a
Info    : Creating an empty mesh with 18931 vertices
Info    : Initialization of tet. mesh
Info    : Delaunay of      18927 points on   2 threads - mesh.nvert: 4         
Info    : Recovering 4 missing facet(s)
Info    : Recover Delaunay
Info    : 1 out of 2 volumes will be refined
Info    : All volumes of the BRep were found and colorized accordingly
Info    : Computing mesh sizes...
Info    : Done computing mesh sizes
Info    : Delaunay of      47249 points on   2 threads - mesh.nvert: 18931     
Info    :           -      42351 points filtered
Info    :           =       4898 points added
Info    : Computing mesh sizes...
Info    : Done computing mesh sizes
Info    : Delaunay of      37488 points on   2 threads - mesh.nvert: 23829     
Info    :           -      28292 points filtered
Info    :           =       9196 points added
Info    : Computing mesh sizes...
Info    : Done computing mesh sizes
Info    : Delaunay of      29328 points on   2 threads - mesh.nvert: 33025     
Info    :           -      19020 points filtered
Info    :           =      10308 points added
Info    : Computing mesh sizes...
Info    : Done computing mesh sizes
Info    : Delaunay of      24783 points on   2 threads - mesh.nvert: 43333     
Info    :           -      15860 points filtered
Info    :           =       8923 points added
Info    : Computing mesh sizes...
Info    : Done computing mesh sizes
Info    : Delaunay of      11718 points on   2 threads - mesh.nvert: 52256     
Info    :           -       7156 points filtered
Info    :           =       4562 points added
Info    : Computing mesh sizes...
Info    : Done computing mesh sizes
Info    : Delaunay of       1776 points on   1 threads - mesh.nvert: 56818     
Info    :           -        737 points filtered
Info    :           =       1039 points added
Info    : Computing mesh sizes...
Info    : Done computing mesh sizes
Info    : Delaunay of        205 points on   1 threads - mesh.nvert: 57857     
Info    :           -         77 points filtered
Info    :           =        128 points added
Info    : Computing mesh sizes...
Info    : Done computing mesh sizes
Info    : Delaunay of         23 points on   1 threads - mesh.nvert: 57985     
Info    :           -         12 points filtered
Info    :           =         11 points added
Info    : Computing mesh sizes...
Info    : Done computing mesh sizes
Info    : Delaunay of         11 points on   1 threads - mesh.nvert: 57996     
Info    :           -          6 points filtered
Info    :           =          5 points added
Info    : Computing mesh sizes...
Info    : Done computing mesh sizes
Info    : Delaunay of          2 points on   1 threads - mesh.nvert: 58001     
Info    : Computing mesh sizes...
Info    : Done computing mesh sizes
Info    : Improving      12410 tet. on   2 thrd (S & ER)
Info    : Improving       1410 tet. on   2 thrd (S & ER)
Info    : Improving        928 tet. on   2 thrd (S & ER)
Info    : Improving        880 tet. on   2 thrd (S & ER)
Info    : Improving        863 tet. on   2 thrd (S & ER)
Info    : Improving        858 tet. on   2 thrd (S & ER)
Info    : Improving        852 tet. on   2 thrd (S & ER)
Info    : Improving        851 tet. on   2 thrd (GSC)
Info    : Improving        750 tet. on   2 thrd (S & ER)
Info    : Improving        708 tet. on   2 thrd (S & ER)
Info    : Improving        698 tet. on   2 thrd (S & ER)
Info    : Improving        692 tet. on   2 thrd (S & ER)
Info    : Improving        691 tet. on   2 thrd (S & ER)
Info    : Improving        691 tet. on   2 thrd (GSC)
Info    : Improving        689 tet. on   2 thrd (S & ER)
Info    : Improving        656 tet. on   2 thrd (S & ER)
Info    : Improving        654 tet. on   2 thrd (S & ER)
Info    : Improving        654 tet. on   2 thrd (GSC)
Info    : Improving        652 tet. on   2 thrd (S & ER)
Info    : Improving        649 tet. on   2 thrd (S & ER)
Info    : Improving        649 tet. on   2 thrd (S & ER)
Info    : Improving        649 tet. on   2 thrd (GSC)
Info    :  	Final tet. mesh contains 383901 tetrahedra
Info    :  	Final tet. mesh contains 58003 vertices
Info    : tEmptyMesh  	 = 	    0.137
Info    : tVerifyBnd  	 = 	    0.025
Info    : tBndRecovery	 = 	    0.476
Info    : tConvertMesh	 = 	    0.036
Info    : tRefine     	 = 	   11.600
Info    : tOptimize   	 = 	    1.961
Info    : Done meshing 3D (Wall 14.3783s, CPU 25.5314s)
Info    : 58003 nodes 338745 elements
[mesh] generate(3) done in 14.5s
[mesh] elements3D=299270  nodes=58003  time=21.3s
[mesh]   Tetrahedron 4: n=299270 minSICN min=0.0837 p1=0.3990 mean=0.7876 neg=0
Info    : Writing 'meshes/rocket_u2.8_small.su2'...
Info    : Writing 299270 elements and 58003 nodes
Info    : Done writing 'meshes/rocket_u2.8_small.su2'
[mesh] wrote meshes/rocket_u2.8_small.su2
