
************************************************************

CalculiX Version 2.23, Copyright(C) 1998-2025 Guido Dhondt
CalculiX comes with ABSOLUTELY NO WARRANTY. This is free
software, and you are welcome to redistribute it under
certain conditions, see gpl.htm

************************************************************

You are using an executable made on Mon Sep 28 09:17:36 2026
 Decascading the MPC's

 Determining the structure of the matrix:
 Using up to 2 cpu(s) for setting up the structure of the matrix.
 number of equations
 108150
 number of nonzero lower triangular matrix elements
 6367872

 Using up to 2 cpu(s) for the stress calculation.

 Using up to 2 cpu(s) for the symmetric stiffness/mass contributions.

 Factoring the system of equations using the symmetric spooles solver
 Using up to 2 cpu(s) for spooles.

 Using up to 2 cpu(s) for the stress calculation.

 Using up to 2 cpu(s) for the symmetric stiffness/mass contributions.

 Factoring the system of equations using the symmetric spooles solver
 Using up to 2 cpu(s) for spooles.

 Calculating the buckling factors and buckling modes:

sigma=1.000000,d[0]=61.154840

 Using up to 2 cpu(s) for the stress calculation.

 Using up to 2 cpu(s) for the stress calculation.

 Using up to 2 cpu(s) for the stress calculation.


  The numbers below are estimated upper bounds

  number of:

   nodes:      1169256
   elements:         5408
   one-dimensional elements:            0
   two-dimensional elements:         5150
   integration points per element:           64
   degrees of freedom per node:            3
   layers per element:            8

   distributed facial loads:            0
   distributed volumetric loads:            0
   concentrated loads:          824
   single point constraints:       374920
   multiple point constraints:       618001
   terms in all multiple point constraints:      3955201
   tie constraints:            0
   dependent nodes tied by cyclic constraints:            0
   dependent nodes in pre-tension constraints:            0

   sets:            4
   terms in all sets:        36874

   materials:            4
   constants per material and temperature:           21
   temperature points per material:            1
   plastic data points per material:            0

   orientations:        41201
   amplitudes:            2
   data points in all amplitudes:            2
   print requests:            0
   transformations:            0
   property cards:            0


 STEP            1

 Buckling analysis was selected


 Job finished

