
************************************************************

CalculiX Version 2.23, Copyright(C) 1998-2025 Guido Dhondt
CalculiX comes with ABSOLUTELY NO WARRANTY. This is free
software, and you are welcome to redistribute it under
certain conditions, see gpl.htm

************************************************************

You are using an executable made on Mon Sep 28 09:16:29 2026
 Decascading the MPC's

 Determining the structure of the matrix:
 Using up to 2 cpu(s) for setting up the structure of the matrix.
 number of equations
 17331
 number of nonzero lower triangular matrix elements
 990258

 Using up to 2 cpu(s) for setting up the structure of the matrix.
 Using up to 2 cpu(s) for the stress calculation.

 Using up to 2 cpu(s) for the symmetric stiffness/mass contributions.

 Factoring the system of equations using the symmetric spooles solver
 Using up to 2 cpu(s) for spooles.

 Calculating the eigenvalues and the eigenmodes

U^T*M*U=1.000000 for eigenmode 1
U^T*M*U=1.000000 for eigenmode 2
U^T*M*U=1.000000 for eigenmode 3
U^T*M*U=1.000000 for eigenmode 4
U^T*M*U=1.000000 for eigenmode 5
U^T*M*U=1.000000 for eigenmode 6
U^T*M*U=1.000000 for eigenmode 7
U^T*M*U=1.000000 for eigenmode 8
U^T*M*U=1.000000 for eigenmode 9
U^T*M*U=1.000000 for eigenmode 10
U^T*M*U=1.000000 for eigenmode 11
U^T*M*U=1.000000 for eigenmode 12
U^T*M*U=1.000000 for eigenmode 13
U^T*M*U=1.000000 for eigenmode 14
U^T*M*U=1.000000 for eigenmode 15
U^T*M*U=1.000000 for eigenmode 16
U^T*M*U=1.000000 for eigenmode 17
U^T*M*U=1.000000 for eigenmode 18
U^T*M*U=1.000000 for eigenmode 19
U^T*M*U=1.000000 for eigenmode 20
 Using up to 2 cpu(s) for the stress calculation.

 Using up to 2 cpu(s) for the stress calculation.

 Using up to 2 cpu(s) for the stress calculation.

 Using up to 2 cpu(s) for the stress calculation.

 Using up to 2 cpu(s) for the stress calculation.

 Using up to 2 cpu(s) for the stress calculation.

 Using up to 2 cpu(s) for the stress calculation.

 Using up to 2 cpu(s) for the stress calculation.

 Using up to 2 cpu(s) for the stress calculation.

 Using up to 2 cpu(s) for the stress calculation.

 Using up to 2 cpu(s) for the stress calculation.

 Using up to 2 cpu(s) for the stress calculation.

 Using up to 2 cpu(s) for the stress calculation.

 Using up to 2 cpu(s) for the stress calculation.

 Using up to 2 cpu(s) for the stress calculation.

 Using up to 2 cpu(s) for the stress calculation.

 Using up to 2 cpu(s) for the stress calculation.

 Using up to 2 cpu(s) for the stress calculation.

 Using up to 2 cpu(s) for the stress calculation.

 Using up to 2 cpu(s) for the stress calculation.

 Determining the structure of the matrix:
 Using up to 2 cpu(s) for setting up the structure of the matrix.
 number of equations
 17331
 number of nonzero lower triangular matrix elements
 990258

 Using up to 2 cpu(s) for setting up the structure of the matrix.
 *WARNING: 1-D or 2-D elements may cause problems in modal dynamic calculations
           ensure that point loads defined in a *MODAL DYNAMIC step
           and applied to nodes belonging to 1-D or 2-D elements have been
           applied to the same nodes in the preceding FREQUENCY step with
           magnitude zero; look at example shellf.inp for a guideline.

 Composing the dynamic response from the eigenmodes


  The numbers below are estimated upper bounds

  number of:

   nodes:        55845
   elements:          933
   one-dimensional elements:            0
   two-dimensional elements:          832
   integration points per element:            8
   degrees of freedom per node:            3
   layers per element:            1

   distributed facial loads:          832
   distributed volumetric loads:            0
   concentrated loads:            0
   single point constraints:        62304
   multiple point constraints:        99841
   terms in all multiple point constraints:       638977
   tie constraints:            0
   dependent nodes tied by cyclic constraints:            0
   dependent nodes in pre-tension constraints:            0

   sets:            4
   terms in all sets:         6227

   materials:            1
   constants per material and temperature:            2
   temperature points per material:            1
   plastic data points per material:            0

   orientations:          832
   amplitudes:            3
   data points in all amplitudes:            6
   print requests:            1
   transformations:            0
   property cards:            0


 STEP            1

 Frequency analysis was selected


 STEP            2

 Dynamic analysis was selected


 Job finished

________________________________________

Total CalculiX Time: 11.790836
________________________________________
