
************************************************************

CalculiX Version 2.23, Copyright(C) 1998-2025 Guido Dhondt
CalculiX comes with ABSOLUTELY NO WARRANTY. This is free
software, and you are welcome to redistribute it under
certain conditions, see gpl.htm

************************************************************

You are using an executable made on Fri Oct 24 20:12:25     2025
 Decascading the MPC's

 Determining the structure of the matrix:
 Using up to 2 cpu(s) for setting up the structure of the matrix.
 number of equations
 22839
 number of nonzero lower triangular matrix elements
 824845

 Using up to 2 cpu(s) for the stress calculation.

 Using up to 2 cpu(s) for the symmetric stiffness/mass contributions.

Not reusing csc.
IPARM_MIXED=1
globDouble=0
+-------------------------------------------------+
+     PaStiX : Parallel Sparse matriX package     +
+-------------------------------------------------+
  Version:                                   6.4.0
  Schedulers:
    sequential:                            Enabled
    thread static:                         Started
    thread dynamic:                       Disabled
    PaRSEC:                               Disabled
    StarPU:                               Disabled
  Number of MPI processes:                       1
  Number of threads per process:                 2
  Number of GPUs:                                0
  MPI communication support:              PastixMpiNone
  Distribution level:                     2D( 128)
  Blocking size (min/max):             1024 / 2048
  Computational models
    CPU:              AMD Opteron 6180 - Intel MKL
    GPU:             Nvidia K40 GK1108L - CUDA 8.0
  Low rank parameters:
    Strategy                        No compression

  Matrix type:  General
  Arithmetic:   Double
  Format:       CSC
  N:            22839
  nnz:          1672529

+-------------------------------------------------+
  Ordering subtask :
    Ordering method is: Scotch
    Time to compute ordering              1.685271e-01 s
+-------------------------------------------------+
  Symbolic factorization subtask:
    Symbol factorization using: Fax Direct
    Number of nonzeroes in L structure     7303181
    Fill-in of L                          4.366550
    Time to compute symbol matrix         1.278400e-02 s
+-------------------------------------------------+
  Reordering subtask:
    Split level                                  0
    Stoping criterion                           -1
    Time for reordering                   3.605604e-02 s
+-------------------------------------------------+
  Mapping/Scheduling subtask:
    Number of non-zeroes in blocked L     14606362
    Fill-in                               8.733099
    Number of operations in full-rank: LU        6.06 GFlops
    Prediction:
      Model                              AMD 6180  MKL
      Time to factorize                   7.444844e-01 s
    Time for mapping/scheduling           1.319170e-03 s
+-------------------------------------------------+
  Analyze task:
    Total time for analyze                2.333961e-01 s
+-------------------------------------------------+
  Factorization task:
    Factorization used: LU
    Time to initialize internal csc       1.872911e-01 s
    Time to initialize coeftab            4.999614e-02 s
    Time to factorize                     2.109051e-01 s (28.72 GFlop/s)
    Number of operations                       -407565378.00  Flops
    Number of static pivots                      0
    Memory usage of coeftab                       65.1 Mo
    Time to solve                         1.459098e-02 s
    - iteration 1 :
         total iteration time                   0.0209 s
         error                                  2.0109e-06
    - iteration 2 :
         total iteration time                   0.0226 s
         error                                  4.6293e-08
    - iteration 3 :
         total iteration time                   0.0166 s
         error                                  4.6737e-10
    - iteration 4 :
         total iteration time                   0.0168 s
         error                                  3.1519e-12
    - iteration 5 :
         total iteration time                   0.0169 s
         error                                  1.4147e-14
    Time for refinement                   1.027560e-01 s
________________________________________

CSC Conversion Time: 0.033829
Init Time: 0.244323
Factorize Time: 0.451622
Solve Time: 0.119023
Clean up Time: 0.000000
---------------------------------
Sum: 0.848798

Total PaStiX Time: 0.848798
CCX without PaStiX Time: 0.857760
Share of PaStiX Time: 0.497374
Total Time: 1.706558
Reusability: 0 : 1 
________________________________________

 Using up to 2 cpu(s) for the stress calculation.


  The numbers below are estimated upper bounds

  number of:

   nodes:         7667
   elements:         6344
   one-dimensional elements:            0
   two-dimensional elements:            0
   integration points per element:            4
   degrees of freedom per node:            3
   layers per element:            1

   distributed facial loads:           68
   distributed volumetric loads:            0
   concentrated loads:            0
   single point constraints:          162
   multiple point constraints:            1
   terms in all multiple point constraints:            1
   tie constraints:            0
   dependent nodes tied by cyclic constraints:            0
   dependent nodes in pre-tension constraints:            0

   sets:            3
   terms in all sets:        19845

   materials:            1
   constants per material and temperature:            9
   temperature points per material:            1
   plastic data points per material:            0

   orientations:            1
   amplitudes:            2
   data points in all amplitudes:            2
   print requests:            1
   transformations:            0
   property cards:            0


 STEP            1

 Static analysis was selected


 Job finished

________________________________________

Total CalculiX Time: 2.004545
________________________________________
