
************************************************************

CalculiX Version 2.23, Copyright(C) 1998-2025 Guido Dhondt
CalculiX comes with ABSOLUTELY NO WARRANTY. This is free
software, and you are welcome to redistribute it under
certain conditions, see gpl.htm

************************************************************

You are using an executable made on Mon Sep 28 09:16:29 2026
 Decascading the MPC's

 Determining the structure of the matrix:
 Using up to 2 cpu(s) for setting up the structure of the matrix.
 number of equations
 60830
 number of nonzero lower triangular matrix elements
 3566486

 Using up to 2 cpu(s) for the stress calculation.

 Using up to 2 cpu(s) for the symmetric stiffness/mass contributions.

 Factoring the system of equations using the symmetric spooles solver
 Using up to 2 cpu(s) for spooles.

 Using up to 2 cpu(s) for the stress calculation.

 Using up to 2 cpu(s) for the symmetric stiffness/mass contributions.

 Factoring the system of equations using the symmetric spooles solver
 Using up to 2 cpu(s) for spooles.

 Calculating the buckling factors and buckling modes:

sigma=1.000000,d[0]=61.630014

 Using up to 2 cpu(s) for the stress calculation.

 Using up to 2 cpu(s) for the stress calculation.

 Using up to 2 cpu(s) for the stress calculation.

 Using up to 2 cpu(s) for the stress calculation.

 Using up to 2 cpu(s) for the stress calculation.


  The numbers below are estimated upper bounds

  number of:

   nodes:       664356
   elements:         2926
   one-dimensional elements:            0
   two-dimensional elements:         2926
   integration points per element:           64
   degrees of freedom per node:            3
   layers per element:            8

   distributed facial loads:            0
   distributed volumetric loads:            0
   concentrated loads:          616
   single point constraints:       217448
   multiple point constraints:       351121
   terms in all multiple point constraints:      2247169
   tie constraints:            0
   dependent nodes tied by cyclic constraints:            0
   dependent nodes in pre-tension constraints:            0

   sets:            4
   terms in all sets:        21098

   materials:            4
   constants per material and temperature:           21
   temperature points per material:            1
   plastic data points per material:            0

   orientations:        23409
   amplitudes:            2
   data points in all amplitudes:            2
   print requests:            0
   transformations:            0
   property cards:            0


 STEP            1

 Buckling analysis was selected


 Job finished

________________________________________

Total CalculiX Time: 18.141661
________________________________________
