SUMMARY OF JOB INFORMATION
  STEP      INC     ATT  ITRS     TOT TIME     STEP TIME      INC TIME
     1          1     1     2  0.500000E-01  0.500000E-01  0.500000E-01
     1          2     1     2  0.100000E+00  0.100000E+00  0.500000E-01
     1          3     1     2  0.150000E+00  0.150000E+00  0.500000E-01
     1          4     1     2  0.200000E+00  0.200000E+00  0.500000E-01
     1          5     1     2  0.250000E+00  0.250000E+00  0.500000E-01
     1          6     1     2  0.300000E+00  0.300000E+00  0.500000E-01
     1          7     1     2  0.350000E+00  0.350000E+00  0.500000E-01
     1          8     1     2  0.400000E+00  0.400000E+00  0.500000E-01
     1          9     1     2  0.450000E+00  0.450000E+00  0.500000E-01
     1         10     1     2  0.500000E+00  0.500000E+00  0.500000E-01
     1         11     1     2  0.550000E+00  0.550000E+00  0.500000E-01
     1         12     1     3  0.600000E+00  0.600000E+00  0.500000E-01
     1         13     1U    5  0.600000E+00  0.600000E+00  0.500000E-01
     1         13     2     2  0.612500E+00  0.612500E+00  0.125000E-01
     1         14     1     3  0.625000E+00  0.625000E+00  0.125000E-01
     1         15     1U    5  0.625000E+00  0.625000E+00  0.187500E-01
     1         15     2     2  0.629687E+00  0.629687E+00  0.468750E-02
     1         16     1U    4  0.629687E+00  0.629687E+00  0.468750E-02
     1         16     2     2  0.630859E+00  0.630859E+00  0.117188E-02
     1         17     1     3  0.632031E+00  0.632031E+00  0.117188E-02
     1         18     1U    7  0.632031E+00  0.632031E+00  0.175781E-02
     1         18     2     2  0.632471E+00  0.632471E+00  0.439453E-03
     1         19     1     3  0.632910E+00  0.632910E+00  0.439453E-03
     1         20     1U    5  0.632910E+00  0.632910E+00  0.659180E-03
     1         20     2     2  0.633075E+00  0.633075E+00  0.164795E-03
     1         21     1     3  0.633240E+00  0.633240E+00  0.164795E-03
     1         22     1U    5  0.633240E+00  0.633240E+00  0.247192E-03
     1         22     2     2  0.633302E+00  0.633302E+00  0.617981E-04
     1         23     1U    8  0.633302E+00  0.633302E+00  0.617981E-04
     1         23     2     2  0.633317E+00  0.633317E+00  0.154495E-04
     1         24     1     2  0.633332E+00  0.633332E+00  0.154495E-04
     1         25     1U    7  0.633332E+00  0.633332E+00  0.231743E-04
