SUMMARY OF C0NVERGENCE INFORMATION
  STEP   INC  ATT   ITER     CONT.   RESID.        CORR.      RESID.      CORR.
                              EL.    FORCE         DISP       FLUX        TEMP.
                              (#)     (%)           (%)        (%)         (%)
     1     1     1     1        0  0.1163E+02  0.1000E+03  0.0000E+00  0.0000E+00
     1     1     1     2        0  0.8188E-02  0.3947E+00  0.0000E+00  0.0000E+00
     1     2     1     1        0  0.2783E-01  0.8875E+00  0.0000E+00  0.0000E+00
     1     2     1     2        0  0.0000E+00  0.7938E-03  0.0000E+00  0.0000E+00
     1     3     1     1        0  0.3037E-01  0.1066E+01  0.0000E+00  0.0000E+00
     1     3     1     2        0  0.0000E+00  0.1224E-02  0.0000E+00  0.0000E+00
     1     4     1     1        0  0.3626E-01  0.1299E+01  0.0000E+00  0.0000E+00
     1     4     1     2        0  0.0000E+00  0.1969E-02  0.0000E+00  0.0000E+00
     1     5     1     1        0  0.4644E-01  0.1608E+01  0.0000E+00  0.0000E+00
     1     5     1     2        0  0.0000E+00  0.3299E-02  0.0000E+00  0.0000E+00
     1     6     1     1        0  0.6337E-01  0.2028E+01  0.0000E+00  0.0000E+00
     1     6     1     2        0  0.0000E+00  0.5802E-02  0.0000E+00  0.0000E+00
     1     7     1     1        0  0.9172E-01  0.2616E+01  0.0000E+00  0.0000E+00
     1     7     1     2        0  0.0000E+00  0.1081E-01  0.0000E+00  0.0000E+00
     1     8     1     1        0  0.1412E+00  0.3467E+01  0.0000E+00  0.0000E+00
     1     8     1     2        0  0.0000E+00  0.2162E-01  0.0000E+00  0.0000E+00
     1     9     1     1        0  0.2330E+00  0.4760E+01  0.0000E+00  0.0000E+00
     1     9     1     2        0  0.1697E-04  0.4789E-01  0.0000E+00  0.0000E+00
     1    10     1     1        0  0.4218E+00  0.6884E+01  0.0000E+00  0.0000E+00
     1    10     1     2        0  0.1006E-03  0.1226E+00  0.0000E+00  0.0000E+00
     1    11     1     1        0  0.8972E+00  0.1110E+02  0.0000E+00  0.0000E+00
     1    11     1     2        0  0.9997E-03  0.4082E+00  0.0000E+00  0.0000E+00
     1    12     1     1        0  0.3028E+01  0.2321E+02  0.0000E+00  0.0000E+00
     1    12     1     2        0  0.3941E-01  0.2654E+01  0.0000E+00  0.0000E+00
     1    12     1     3        0  0.0000E+00  0.3091E-01  0.0000E+00  0.0000E+00
     1    13     1     1        0  0.1374E+03  0.1000E+03  0.0000E+00  0.0000E+00
     1    13     1     2        0  0.2925E+04  0.1000E+03  0.0000E+00  0.0000E+00
     1    13     1     3        0  0.1656E+03  0.2386E+02  0.0000E+00  0.0000E+00
     1    13     1     4        0  0.1126E+05  0.1000E+03  0.0000E+00  0.0000E+00
     1    13     1     5        0  0.2173E+05  0.1000E+03  0.0000E+00  0.0000E+00
     1    13     2     1        0  0.5712E+00  0.4203E+02  0.0000E+00  0.0000E+00
     1    13     2     2        0  0.2036E-02  0.2483E+01  0.0000E+00  0.0000E+00
     1    14     1     1        0  0.1157E+01  0.5627E+02  0.0000E+00  0.0000E+00
     1    14     1     2        0  0.1296E-01  0.6125E+01  0.0000E+00  0.0000E+00
     1    14     1     3        0  0.0000E+00  0.7022E-01  0.0000E+00  0.0000E+00
     1    15     1     1        0  0.6529E+03  0.1000E+03  0.0000E+00  0.0000E+00
     1    15     1     2        0  0.3915E+05  0.1000E+03  0.0000E+00  0.0000E+00
     1    15     1     3        0  0.3955E+04  0.2767E+02  0.0000E+00  0.0000E+00
     1    15     1     4        0  0.4641E+06  0.1000E+03  0.0000E+00  0.0000E+00
     1    15     1     5        0  0.4173E+06  0.4499E+02  0.0000E+00  0.0000E+00
     1    15     2     1        0  0.7654E+00  0.7785E+02  0.0000E+00  0.0000E+00
     1    15     2     2        0  0.1016E-01  0.9219E+01  0.0000E+00  0.0000E+00
     1    16     1     1        0  0.8026E+01  0.1000E+03  0.0000E+00  0.0000E+00
     1    16     1     2        0  0.2614E+03  0.1000E+03  0.0000E+00  0.0000E+00
     1    16     1     3        0  0.9675E+03  0.1000E+03  0.0000E+00  0.0000E+00
     1    16     1     4        0  0.3840E+05  0.1000E+03  0.0000E+00  0.0000E+00
     1    16     2     1        0  0.7015E-01  0.5228E+02  0.0000E+00  0.0000E+00
     1    16     2     2        0  0.1165E-03  0.2169E+01  0.0000E+00  0.0000E+00
     1    17     1     1        0  0.7528E-01  0.3608E+02  0.0000E+00  0.0000E+00
     1    17     1     2        0  0.2242E-03  0.1995E+01  0.0000E+00  0.0000E+00
     1    17     1     3        0  0.0000E+00  0.5653E-02  0.0000E+00  0.0000E+00
     1    18     1     1        0  0.3925E+01  0.1000E+03  0.0000E+00  0.0000E+00
     1    18     1     2        0  0.1043E+03  0.1000E+03  0.0000E+00  0.0000E+00
     1    18     1     3        0  0.1415E+02  0.3771E+02  0.0000E+00  0.0000E+00
     1    18     1     4        0  0.1039E+02  0.3053E+02  0.0000E+00  0.0000E+00
     1    18     1     5        0  0.4183E+01  0.1996E+02  0.0000E+00  0.0000E+00
     1    18     1     6        0  0.8865E+01  0.2915E+02  0.0000E+00  0.0000E+00
     1    18     1     7        0  0.6299E+01  0.2468E+02  0.0000E+00  0.0000E+00
     1    18     2     1        0  0.2236E-01  0.3883E+02  0.0000E+00  0.0000E+00
     1    18     2     2        0  0.2696E-04  0.1362E+01  0.0000E+00  0.0000E+00
     1    19     1     1        0  0.3642E-01  0.3605E+02  0.0000E+00  0.0000E+00
     1    19     1     2        0  0.1247E-03  0.2127E+01  0.0000E+00  0.0000E+00
     1    19     1     3        0  0.0000E+00  0.6942E-02  0.0000E+00  0.0000E+00
     1    20     1     1        0  0.2645E+01  0.1000E+03  0.0000E+00  0.0000E+00
     1    20     1     2        0  0.4114E+01  0.1000E+03  0.0000E+00  0.0000E+00
     1    20     1     3        0  0.1946E+01  0.6873E+02  0.0000E+00  0.0000E+00
     1    20     1     4        0  0.7618E+02  0.1000E+03  0.0000E+00  0.0000E+00
     1    20     1     5        0  0.1115E+02  0.3891E+02  0.0000E+00  0.0000E+00
     1    20     2     1        0  0.1196E-01  0.4051E+02  0.0000E+00  0.0000E+00
     1    20     2     2        0  0.1965E-04  0.1652E+01  0.0000E+00  0.0000E+00
     1    21     1     1        0  0.2470E-01  0.4153E+02  0.0000E+00  0.0000E+00
     1    21     1     2        0  0.1835E-03  0.3594E+01  0.0000E+00  0.0000E+00
     1    21     1     3        0  0.0000E+00  0.2610E-01  0.0000E+00  0.0000E+00
     1    22     1     1        0  0.1472E+02  0.1000E+03  0.0000E+00  0.0000E+00
     1    22     1     2        0  0.5516E+01  0.6160E+02  0.0000E+00  0.0000E+00
     1    22     1     3        0  0.1945E+01  0.3621E+02  0.0000E+00  0.0000E+00
     1    22     1     4        0  0.3872E+02  0.1000E+03  0.0000E+00  0.0000E+00
     1    22     1     5        0  0.1589E+02  0.6461E+02  0.0000E+00  0.0000E+00
     1    22     2     1        0  0.1341E-01  0.5688E+02  0.0000E+00  0.0000E+00
     1    22     2     2        0  0.1130E-03  0.5235E+01  0.0000E+00  0.0000E+00
     1    23     1     1        0  0.1306E+00  0.1000E+03  0.0000E+00  0.0000E+00
     1    23     1     2        0  0.1018E+02  0.1000E+03  0.0000E+00  0.0000E+00
     1    23     1     3        0  0.2074E+01  0.4520E+02  0.0000E+00  0.0000E+00
     1    23     1     4        0  0.7533E+00  0.2708E+02  0.0000E+00  0.0000E+00
     1    23     1     5        0  0.2439E+00  0.1547E+02  0.0000E+00  0.0000E+00
     1    23     1     6        0  0.1302E+00  0.1132E+02  0.0000E+00  0.0000E+00
     1    23     1     7        0  0.6980E+02  0.1000E+03  0.0000E+00  0.0000E+00
     1    23     1     8        0  0.3159E+02  0.6794E+02  0.0000E+00  0.0000E+00
     1    23     2     1        0  0.1051E-02  0.3968E+02  0.0000E+00  0.0000E+00
     1    23     2     2        0  0.0000E+00  0.1232E+01  0.0000E+00  0.0000E+00
     1    24     1     1        0  0.1074E-02  0.2870E+02  0.0000E+00  0.0000E+00
     1    24     1     2        0  0.0000E+00  0.1224E+01  0.0000E+00  0.0000E+00
     1    25     1     1        0  0.6273E-01  0.1000E+03  0.0000E+00  0.0000E+00
     1    25     1     2        0  0.1869E+00  0.1000E+03  0.0000E+00  0.0000E+00
     1    25     1     3        0  0.6516E-01  0.5904E+02  0.0000E+00  0.0000E+00
     1    25     1     4        0  0.1112E+00  0.7715E+02  0.0000E+00  0.0000E+00
     1    25     1     5        0  0.6052E-01  0.5693E+02  0.0000E+00  0.0000E+00
     1    25     1     6        0  0.3731E+01  0.1000E+03  0.0000E+00  0.0000E+00
     1    25     1     7        0  0.1091E+01  0.5418E+02  0.0000E+00  0.0000E+00
