
-------------------------------------------------------------------------
|    ___ _   _ ___                                                      |
|   / __| | | |_  )   Release 8.5.0 "Harrier"                           |
|   \__ \ |_| |/ /                                                      |
|   |___/\___//___|   Suite (Computational Fluid Dynamics Code)         |
|                                                                       |
-------------------------------------------------------------------------
| SU2 Project Website: https://su2code.github.io                        |
|                                                                       |
| The SU2 Project is maintained by the SU2 Foundation                   |
| (http://su2foundation.org)                                            |
-------------------------------------------------------------------------
| Copyright 2012-2026, SU2 Contributors                                 |
|                                                                       |
| SU2 is free software; you can redistribute it and/or                  |
| modify it under the terms of the GNU Lesser General Public            |
| License as published by the Free Software Foundation; either          |
| version 2.1 of the License, or (at your option) any later version.    |
|                                                                       |
| SU2 is distributed in the hope that it will be useful,                |
| but WITHOUT ANY WARRANTY; without even the implied warranty of        |
| MERCHANTABILITY or FITNESS FOR A PARTICULAR PURPOSE. See the GNU      |
| Lesser General Public License for more details.                       |
|                                                                       |
| You should have received a copy of the GNU Lesser General Public      |
| License along with SU2. If not, see <http://www.gnu.org/licenses/>.   |
-------------------------------------------------------------------------

Parsing config file for zone 0

----------------- Physical Case Definition ( Zone 0 ) -------------------
Compressible Euler equations.
Mach number: 2.
Angle of attack (AoA): 4 deg, and angle of sideslip (AoS): 0 deg.
No restart solution, use the values at infinity (freestream).
Non-Dimensional simulation (V=1.0, Rho=1.0, T=1.0 at the farfield).
The reference area is 0.00785398 m^2.
The semi-span will be computed using the max y(3D) value.
The reference length is 0.1 m.
Surface(s) where the force coefficients are evaluated and 
their reference origin for moment computation: 
   - nose (0, 0, 0).
   - body (0, 0, 0).
   - fins (0, 0, 0).
   - base (0, 0, 0) m.
Surface(s) plotted in the output file: nose, body, fins, base.
Input mesh file name: ../../meshes/rocket_u2.0_small.su2

--------------- Space Numerical Integration ( Zone 0 ) ------------------
Roe (with entropy fix = 0.001) solver for the flow inviscid terms.
Standard Roe without low-dissipation function.
Second order integration in space, with slope limiter.
Venkatakrishnan-Wang slope-limiting method, with constant: 0.03.
Gradient for upwind reconstruction: unweighted Least-Squares.
Gradient for viscous and source terms: Green-Gauss.

--------------- Time Numerical Integration  ( Zone 0 ) ------------------
Local time stepping (steady state simulation).
Euler implicit method for the flow equations.
FGMRES is used for solving the linear system.
Using a ILU(0) preconditioning.
Convergence criteria of the linear solver: 0.05.
Max number of linear iterations: 15.
CFL adaptation. Factor down: 0.5, factor up: 1.05,
                lower limit: 1, upper limit: 50,
                acceptable linear residual: 0.1'
                starting iteration: 0.
Courant-Friedrichs-Lewy number:        5

------------------ Convergence Criteria  ( Zone 0 ) ---------------------
Maximum number of solver subiterations: 25.
Begin convergence monitoring at iteration 10.
Residual minimum value: 1e-8.
Cauchy series min. value: 1e-10.
Number of Cauchy elements: 100.
Begin windowed time average at iteration 0.

-------------------- Output Information ( Zone 0 ) ----------------------
File writing frequency: 
+------------------------------------+
|                     File| Frequency|
+------------------------------------+
|                  RESTART|       500|
|                 PARAVIEW|       500|
|         SURFACE_PARAVIEW|       500|
|              SURFACE_CSV|       500|
+------------------------------------+
Writing the convergence history file every 1 inner iterations.
Writing the screen convergence history every 1 inner iterations.
The tabular file format is CSV (.csv).
Convergence history file name: history.
Forces breakdown file name: forces_breakdown.dat.
Surface file name: surface_flow.
Volume file name: flow.
Restart file name: restart_flow.dat.

------------- Config File Boundary Information ( Zone 0 ) ---------------
+-----------------------------------------------------------------------+
|                        Marker Type|                        Marker Name|
+-----------------------------------------------------------------------+
|                         Euler wall|                               nose|
|                                   |                               body|
|                                   |                               fins|
|                                   |                               base|
+-----------------------------------------------------------------------+
|                          Far-field|                           farfield|
+-----------------------------------------------------------------------+

-------------------- Output Preprocessing ( Zone 0 ) --------------------

WARNING: SURFACE_PRESSURE_DROP can only be computed for at least 2 surfaces (outlet, inlet, ...)

Screen output fields: INNER_ITER, ITER_TIME, WALL_TIME, RMS_DENSITY, RMS_ENERGY, DRAG, LIFT, MOMENT_Y, AVG_CFL, LINSOL_ITER
History output group(s): ITER, WALL_TIME, RMS_RES, REL_RMS_RES, AERO_COEFF, AERO_COEFF_SURF, CFL_NUMBER, LINSOL
Convergence field(s): REL_RMS_DENSITY
Warning: No (valid) fields chosen for time convergence monitoring. Time convergence monitoring inactive.
Volume output fields: COORDINATES, SOLUTION, PRIMITIVE

------------------- Geometry Preprocessing ( Zone 0 ) -------------------
Three dimensional problem.
147946 grid points.
808728 volume elements.
5 surface markers.
2934 boundary elements in index 0 (Marker = nose).
7708 boundary elements in index 1 (Marker = body).
9176 boundary elements in index 2 (Marker = fins).
1090 boundary elements in index 3 (Marker = base).
50172 boundary elements in index 4 (Marker = farfield).
808728 tetrahedra.
Setting point connectivity.
Renumbering points (Reverse Cuthill McKee Ordering).
Recomputing point connectivity.
Setting element connectivity.
Checking the numerical grid orientation.
All volume elements are correctly oriented.
There has been a re-orientation of 50172 TRIANGLE surface elements.
Identifying edges and vertices.
Setting the control volume structure.
Volume of the computational grid: 5.33065.
Searching for the closest normal neighbors to the surfaces.
Storing a mapping from global to local point index.
Compute the surface curvature.
Max K: 42369.6. Mean K: 255.46. Standard deviation K: 1221.8.
Computing mesh quality statistics for the dual control volumes.
+--------------------------------------------------------------+
|           Mesh Quality Metric|        Minimum|        Maximum|
+--------------------------------------------------------------+
|    Orthogonality Angle (deg.)|        41.9131|        83.5662|
|     CV Face Area Aspect Ratio|        1.23181|        196.401|
|           CV Sub-Volume Ratio|        1.00001|        1124.32|
+--------------------------------------------------------------+
Finding max control volume width.
Semi-span length = 0.0933381 m.
Wetted area = 0.332473 m^2.
Area projection in the x-plane = 0.00922814 m^2, y-plane = 0.104322 m^2, z-plane = 0.10441 m^2.
Max. coordinate in the x-direction = 1 m, y-direction = 0.0933381 m, z-direction = 0.0933381 m.
Min. coordinate in the x-direction = 0.0015 m, y-direction = -0.0933381 m, z-direction = -0.0933381 m.
Computing wall distances.

-------------------- Solver Preprocessing ( Zone 0 ) --------------------
Inviscid flow: Computing density based on free-stream
temperature and pressure using the ideal gas law.
Force coefficients computed using free-stream values.

-- Models:
+------------------------------------------------------------------------------+
|          Viscosity Model|        Conductivity Model|              Fluid Model|
+------------------------------------------------------------------------------+
|                        -|                         -|             STANDARD_AIR|
+------------------------------------------------------------------------------+
-- Fluid properties:
+------------------------------------------------------------------------------+
|                  Name|    Dim. value|    Ref. value|      Unit|Non-dim. value|
+------------------------------------------------------------------------------+
|          Gas Constant|       287.058|       1607.52|  N.m/kg.K|      0.178571|
|      Spec. Heat Ratio|             -|             -|         -|           1.4|
+------------------------------------------------------------------------------+
-- Initial and free-stream conditions:
+------------------------------------------------------------------------------+
|                  Name|    Dim. value|    Ref. value|      Unit|Non-dim. value|
+------------------------------------------------------------------------------+
|       Static Pressure|        101325|        567420|        Pa|      0.178571|
|               Density|       1.22498|       1.22498|    kg/m^3|             1|
|           Temperature|        288.15|        288.15|         K|             1|
|          Total Energy|        438394|        463208|   m^2/s^2|      0.946429|
|            Velocity-X|       678.936|       680.594|       m/s|      0.997564|
|            Velocity-Y|             0|       680.594|       m/s|             0|
|            Velocity-Z|       47.4758|       680.594|       m/s|     0.0697565|
|    Velocity Magnitude|       680.594|       680.594|       m/s|             1|
+------------------------------------------------------------------------------+
|           Mach Number|             -|             -|         -|             2|
+------------------------------------------------------------------------------+
All ranks use edge coloring.
Among the ranks that use edge coloring,
         the minimum efficiency is 1,
         the maximum number of colors is 1,
         the minimum edge color group size is 512.
Initialize Jacobian structure (Euler). MG level: 0.

------------------- Numerics Preprocessing ( Zone 0 ) -------------------

----------------- Integration Preprocessing ( Zone 0 ) ------------------

------------------- Iteration Preprocessing ( Zone 0 ) ------------------
Euler/Navier-Stokes/RANS fluid iteration.

------------------------------ Begin Solver -----------------------------

Simulation Run using the Single-zone Driver
+---------------------------------------------------------------------------------------------------------------------------------+
|  Inner_Iter|   Time(sec)|   Time(sec)|    rms[Rho]|   rms[RhoE]|          CD|          CL|         CMy|     Avg CFL|Linear_Solve|
+---------------------------------------------------------------------------------------------------------------------------------+
|           0|    2.440943|  2.4409e+00|   -5.790387|   -5.739235|   -0.132489|    0.703538|   -4.511349|  5.2468e+00|           2|
|           1|    2.322080|  2.3815e+00|   -5.677719|   -5.660914|    0.040528|    0.916195|   -5.994168|  5.5073e+00|           2|
|           2|    2.384317|  2.3824e+00|   -5.824843|   -5.797764|    0.176453|    1.051746|   -6.977136|  5.7811e+00|           2|
|           3|    2.359390|  2.3767e+00|   -5.916789|   -5.889461|    0.279933|    1.121675|   -7.519080|  6.0689e+00|           2|
|           4|    2.451148|  2.3916e+00|   -5.975663|   -5.952625|    0.351365|    1.137073|   -7.691785|  6.3713e+00|           2|
|           5|    2.340645|  2.3831e+00|   -6.008153|   -5.990096|    0.398924|    1.109572|   -7.573072|  6.6888e+00|           2|
|           6|    2.167439|  2.3523e+00|   -6.020779|   -6.005945|    0.427407|    1.051988|   -7.248033|  7.0224e+00|           2|
|           7|    2.272345|  2.3423e+00|   -6.018965|   -6.007421|    0.442296|    0.976436|   -6.796840|  7.3730e+00|           2|
|           8|    2.322694|  2.3401e+00|   -6.011014|   -6.003056|    0.447342|    0.893517|   -6.291112|  7.7412e+00|           2|
|           9|    2.230102|  2.3291e+00|   -6.003205|   -5.999066|    0.446636|    0.811869|   -5.789254|  8.1280e+00|           2|
|          10|    2.285406|  2.3251e+00|   -5.996366|   -5.996357|    0.442742|    0.737815|   -5.332970|  8.5342e+00|           2|
|          11|    2.203964|  2.3150e+00|   -5.987093|   -5.991411|    0.437108|    0.675189|   -4.946657|  8.9609e+00|           2|
|          12|    2.277259|  2.3121e+00|   -5.971247|   -5.979408|    0.430447|    0.625612|   -4.639778|  9.4088e+00|           2|
|          13|    2.320262|  2.3127e+00|   -5.949983|   -5.959782|    0.425185|    0.588681|   -4.409818|  9.8791e+00|           2|
|          14|    2.142745|  2.3014e+00|   -5.929227|   -5.937071|    0.421577|    0.562864|   -4.246776|  1.0373e+01|           2|
|          15|    2.124638|  2.2903e+00|   -5.911981|   -5.915313|    0.418558|    0.546156|   -4.137906|  1.0891e+01|           2|
|          16|    2.126333|  2.2807e+00|   -5.894693|   -5.894666|    0.414783|    0.536402|   -4.069904|  1.1436e+01|           2|
|          17|    2.224352|  2.2776e+00|   -5.878103|   -5.879644|    0.408967|    0.531592|   -4.030779|  1.2008e+01|           2|
|          18|    2.358934|  2.2818e+00|   -5.865007|   -5.873259|    0.399885|    0.530039|   -4.010532|  1.2608e+01|           2|
|          19|    2.368457|  2.2862e+00|   -5.859831|   -5.877751|    0.388037|    0.530344|   -4.001408|  1.3238e+01|           2|
|          20|    2.400361|  2.2916e+00|   -5.865898|   -5.892406|    0.376196|    0.531383|   -3.998070|  1.3900e+01|           2|
|          21|    2.215975|  2.2882e+00|   -5.883972|   -5.914240|    0.366830|    0.532388|   -3.996916|  1.4594e+01|           2|
|          22|    2.610686|  2.3022e+00|   -5.912978|   -5.940519|    0.360720|    0.532951|   -3.995522|  1.5324e+01|           2|
|          23|    2.337633|  2.3037e+00|   -5.951839|   -5.971218|    0.356367|    0.533010|   -3.992544|  1.6090e+01|           2|
|          24|    2.264962|  2.3021e+00|   -5.999242|   -6.008037|    0.352080|    0.532677|   -3.987525|  1.6894e+01|           2|

----------------------------- Solver Exit -------------------------------

Maximum number of iterations reached (ITER = 25) before convergence.
+-----------------------------------------------------------------------+
|      Convergence Field     |     Value    |   Criterion  |  Converged |
+-----------------------------------------------------------------------+
|                 relrms[Rho]|     -0.321523|          < -8|          No|
+-----------------------------------------------------------------------+
-------------------------------------------------------------------------
+-----------------------------------------------------------------------+
|        File Writing Summary       |              Filename             |
+-----------------------------------------------------------------------+
|SU2 binary restart                 |restart_flow.dat                   |

Writing the forces breakdown file (forces_breakdown.dat).
|Paraview                           |flow.vtu                           |

Writing the forces breakdown file (forces_breakdown.dat).
|Paraview surface                   |surface_flow.vtu                   |

Writing the forces breakdown file (forces_breakdown.dat).
|CSV file                           |surface_flow.csv                   |

Writing the forces breakdown file (forces_breakdown.dat).
+-----------------------------------------------------------------------+
Warning: there are 1 non-physical points in the solution.

--------------------------- Finalizing Solver ---------------------------
Deleted CNumerics container.
Deleted CIntegration container.
Deleted CSolver container.
Deleted CIteration container.
Deleted CInterface container.
Deleted CGeometry container.
Deleted CFreeFormDefBox class.
Deleted CSurfaceMovement class.
Deleted CVolumetricMovement class.
Deleted CConfig container.
Deleted nInst container.
Deleted COutput class.
-------------------------------------------------------------------------

------------------------- Exit Success (SU2_CFD) ------------------------

